psa self-check
  diag_shell: state initialization OK
  seed/key: pin=D91C seed=12345678 -> key=57F71DFB (deterministic)
  seed/key: known vector (D91C,00000000)=46E33D53 OK
  iso-tp: single-frame (3B) round-trip OK
  iso-tp: multi-frame (27B -> 1FF + 3CF) round-trip OK
  ecu table: BSI=752:652 INJ=6A8:688 lookup OK (17 ECUs)
  ecu keys: pin lookups OK
[DIAG] Connecting to BMF (752:652, KWP/IS) on HS bus...
[DIAG] Session open with BMF. Ready.
[DIAG] Requesting security seed for BMF...
[DIAG] Seed received: 12345678
[DIAG] Sending key...
[DIAG] Security unlock succeeded.
[DIAG] Writing zone 0001, TX (4 bytes): 3B 01 02 03
[DIAG] Zone 01 written successfully.
[DIAG] Writing traceability zone, TX (12 bytes): 3B A0 FF FD 00 00 00 01 01 01 2A 00
  diag_shell: unlock and configuration write flow OK
[DIAG] Connecting to TELEMAT (764:664, UDS) on HS bus...
[DIAG] Session open with TELEMAT. Ready.
[DIAG] Requesting security seed for TELEMAT...
[DIAG] Seed received: 98765490
[DIAG] Sending key...
[DIAG] Security unlock succeeded.
[DIAG] Writing zone 2901, TX (10 bytes): 2E 29 01 FD 00 00 00 01 01 01
[DIAG] Zone 2901 written successfully.
  diag_shell: UDS unlock and write flow OK
  live_data: parameter decoders and lookups OK
  actuator: request formatting builders OK
[DIAG] Connecting to BMF (752:652, KWP/IS) on HS bus...
[DIAG] Session open with BMF. Ready.
[DIAG] Starting live polling for Coolant Temp (ID 0002) every 250ms.
[LIVE] Coolant Temp: 90.0 °C
[DIAG] Starting actuator test 0005...
[DIAG] Actuator test / routine started successfully.
  diag_shell: live monitoring & actuator commands OK
  flash_engine: S-record parser tests OK
  flash_engine: X-25 CRC-16 calculation OK (crc = 3991)
  flash_engine: UDS flashing steps state machine OK
all checks passed
