Archive member included to satisfy reference by file (symbol)

c:/progra~1/raspbe~1/picosd~1.1/gcc-ar~1/bin/../lib/gcc/arm-none-eabi/10.3.1/thumb/v8-m.main+fp/softfp\libgcc.a(_arm_addsubdf3.o)
                              CMakeFiles/citroen_can_interface.dir/src/main.cpp.obj (__aeabi_f2d)
c:/progra~1/raspbe~1/picosd~1.1/gcc-ar~1/bin/../lib/gcc/arm-none-eabi/10.3.1/thumb/v8-m.main+fp/softfp\libgcc.a(_aeabi_ldivmod.o)
                              CMakeFiles/citroen_can_interface.dir/C_/Users/Umut/pico-sdk/src/common/pico_time/time.c.obj (__aeabi_ldivmod)
c:/progra~1/raspbe~1/picosd~1.1/gcc-ar~1/bin/../lib/gcc/arm-none-eabi/10.3.1/thumb/v8-m.main+fp/softfp\libgcc.a(_aeabi_uldivmod.o)
                              CMakeFiles/citroen_can_interface.dir/C_/Users/Umut/pico-sdk/src/rp2_common/hardware_clocks/clocks.c.obj (__aeabi_uldivmod)
c:/progra~1/raspbe~1/picosd~1.1/gcc-ar~1/bin/../lib/gcc/arm-none-eabi/10.3.1/thumb/v8-m.main+fp/softfp\libgcc.a(_udivmoddi4.o)
                              c:/progra~1/raspbe~1/picosd~1.1/gcc-ar~1/bin/../lib/gcc/arm-none-eabi/10.3.1/thumb/v8-m.main+fp/softfp\libgcc.a(_aeabi_ldivmod.o) (__udivmoddi4)
c:/progra~1/raspbe~1/picosd~1.1/gcc-ar~1/bin/../lib/gcc/arm-none-eabi/10.3.1/thumb/v8-m.main+fp/softfp\libgcc.a(_dvmd_tls.o)
                              c:/progra~1/raspbe~1/picosd~1.1/gcc-ar~1/bin/../lib/gcc/arm-none-eabi/10.3.1/thumb/v8-m.main+fp/softfp\libgcc.a(_aeabi_ldivmod.o) (__aeabi_ldiv0)
c:/progra~1/raspbe~1/picosd~1.1/gcc-ar~1/bin/../lib/gcc/arm-none-eabi/10.3.1/../../../../arm-none-eabi/lib/thumb/v8-m.main+fp/softfp\libg.a(lib_a-calloc.o)
                              CMakeFiles/citroen_can_interface.dir/C_/Users/Umut/pico-sdk/src/rp2_common/pico_malloc/malloc.c.obj (calloc)
c:/progra~1/raspbe~1/picosd~1.1/gcc-ar~1/bin/../lib/gcc/arm-none-eabi/10.3.1/../../../../arm-none-eabi/lib/thumb/v8-m.main+fp/softfp\libg.a(lib_a-callocr.o)
                              c:/progra~1/raspbe~1/picosd~1.1/gcc-ar~1/bin/../lib/gcc/arm-none-eabi/10.3.1/../../../../arm-none-eabi/lib/thumb/v8-m.main+fp/softfp\libg.a(lib_a-calloc.o) (_calloc_r)
c:/progra~1/raspbe~1/picosd~1.1/gcc-ar~1/bin/../lib/gcc/arm-none-eabi/10.3.1/../../../../arm-none-eabi/lib/thumb/v8-m.main+fp/softfp\libg.a(lib_a-errno.o)
                              c:/progra~1/raspbe~1/picosd~1.1/gcc-ar~1/bin/../lib/gcc/arm-none-eabi/10.3.1/../../../../arm-none-eabi/lib/thumb/v8-m.main+fp/softfp\libg.a(lib_a-callocr.o) (__errno)
c:/progra~1/raspbe~1/picosd~1.1/gcc-ar~1/bin/../lib/gcc/arm-none-eabi/10.3.1/../../../../arm-none-eabi/lib/thumb/v8-m.main+fp/softfp\libg.a(lib_a-impure.o)
                              c:/progra~1/raspbe~1/picosd~1.1/gcc-ar~1/bin/../lib/gcc/arm-none-eabi/10.3.1/../../../../arm-none-eabi/lib/thumb/v8-m.main+fp/softfp\libg.a(lib_a-calloc.o) (_impure_ptr)
c:/progra~1/raspbe~1/picosd~1.1/gcc-ar~1/bin/../lib/gcc/arm-none-eabi/10.3.1/../../../../arm-none-eabi/lib/thumb/v8-m.main+fp/softfp\libg.a(lib_a-lcltime_r.o)
                              CMakeFiles/citroen_can_interface.dir/C_/Users/Umut/pico-sdk/src/common/pico_util/datetime.c.obj (localtime_r)
c:/progra~1/raspbe~1/picosd~1.1/gcc-ar~1/bin/../lib/gcc/arm-none-eabi/10.3.1/../../../../arm-none-eabi/lib/thumb/v8-m.main+fp/softfp\libg.a(lib_a-malloc.o)
                              CMakeFiles/citroen_can_interface.dir/C_/Users/Umut/pico-sdk/src/rp2_common/pico_malloc/malloc.c.obj (malloc)
c:/progra~1/raspbe~1/picosd~1.1/gcc-ar~1/bin/../lib/gcc/arm-none-eabi/10.3.1/../../../../arm-none-eabi/lib/thumb/v8-m.main+fp/softfp\libg.a(lib_a-mallocr.o)
                              c:/progra~1/raspbe~1/picosd~1.1/gcc-ar~1/bin/../lib/gcc/arm-none-eabi/10.3.1/../../../../arm-none-eabi/lib/thumb/v8-m.main+fp/softfp\libg.a(lib_a-callocr.o) (_malloc_r)
c:/progra~1/raspbe~1/picosd~1.1/gcc-ar~1/bin/../lib/gcc/arm-none-eabi/10.3.1/../../../../arm-none-eabi/lib/thumb/v8-m.main+fp/softfp\libg.a(lib_a-memcmp.o)
                              CMakeFiles/citroen_can_interface.dir/C_/Users/Umut/pico-sdk/src/rp2_common/pico_atomic/atomic.c.obj (memcmp)
c:/progra~1/raspbe~1/picosd~1.1/gcc-ar~1/bin/../lib/gcc/arm-none-eabi/10.3.1/../../../../arm-none-eabi/lib/thumb/v8-m.main+fp/softfp\libg.a(lib_a-memcpy.o)
                              CMakeFiles/citroen_can_interface.dir/src/isotp.cpp.obj (memcpy)
c:/progra~1/raspbe~1/picosd~1.1/gcc-ar~1/bin/../lib/gcc/arm-none-eabi/10.3.1/../../../../arm-none-eabi/lib/thumb/v8-m.main+fp/softfp\libg.a(lib_a-memset.o)
                              CMakeFiles/citroen_can_interface.dir/src/isotp.cpp.obj (memset)
c:/progra~1/raspbe~1/picosd~1.1/gcc-ar~1/bin/../lib/gcc/arm-none-eabi/10.3.1/../../../../arm-none-eabi/lib/thumb/v8-m.main+fp/softfp\libg.a(lib_a-mktime.o)
                              CMakeFiles/citroen_can_interface.dir/C_/Users/Umut/pico-sdk/src/common/pico_util/datetime.c.obj (mktime)
[...]
Memory Configuration

Name             Origin             Length             Attributes
FLASH            0x10000000         0x00400000         xr
PSRAM            0x11000000         0x00000000         xrw
XIP_RAM          0x13ffc000         0x00004000         xrw
RAM              0x20000000         0x00080000         xrw
SCRATCH_X        0x20080000         0x00001000         xrw
SCRATCH_Y        0x20081000         0x00001000         xrw
*default*        0x00000000         0xffffffff

Linker script and memory map

                0x20000000                RAM_ORIGIN_DEFAULT = 0x20000000
                0x00080000                RAM_LENGTH_DEFAULT = 0x80000
                0x20080000                SCRATCH_X_ORIGIN_DEFAULT = 0x20080000
                0x00001000                SCRATCH_X_LENGTH_DEFAULT = 0x1000
                0x20081000                SCRATCH_Y_ORIGIN_DEFAULT = 0x20081000
                0x00001000                SCRATCH_Y_LENGTH_DEFAULT = 0x1000
                0x13ffc000                XIP_RAM_ORIGIN_DEFAULT = 0x13ffc000
                0x00004000                XIP_RAM_LENGTH_DEFAULT = 0x4000
LOAD CMakeFiles/citroen_can_interface.dir/src/main.cpp.obj
LOAD CMakeFiles/citroen_can_interface.dir/src/mcp2515.cpp.obj
LOAD CMakeFiles/citroen_can_interface.dir/src/can_manager.cpp.obj
LOAD CMakeFiles/citroen_can_interface.dir/src/isotp.cpp.obj
LOAD CMakeFiles/citroen_can_interface.dir/C_/Users/Umut/pico-sdk/src/rp2_common/pico_stdlib/stdlib.c.obj
LOAD CMakeFiles/citroen_can_interface.dir/C_/Users/Umut/pico-sdk/src/rp2_common/hardware_gpio/gpio.c.obj
LOAD CMakeFiles/citroen_can_interface.dir/C_/Users/Umut/pico-sdk/src/rp2350/pico_platform/platform.c.obj
LOAD CMakeFiles/citroen_can_interface.dir/C_/Users/Umut/pico-sdk/src/rp2_common/pico_platform_common/common.c.obj
LOAD CMakeFiles/citroen_can_interface.dir/C_/Users/Umut/pico-sdk/src/rp2_common/pico_platform_panic/panic.c.obj
LOAD CMakeFiles/citroen_can_interface.dir/C_/Users/Umut/pico-sdk/src/rp2_common/pico_platform_panic/custom_panic_function.S.obj
LOAD CMakeFiles/citroen_can_interface.dir/C_/Users/Umut/pico-sdk/src/common/hardware_claim/claim.c.obj
LOAD CMakeFiles/citroen_can_interface.dir/C_/Users/Umut/pico-sdk/src/rp2_common/hardware_sync/sync.c.obj
LOAD CMakeFiles/citroen_can_interface.dir/C_/Users/Umut/pico-sdk/src/rp2_common/hardware_sync_spin_lock/sync_spin_lock.c.obj
LOAD CMakeFiles/citroen_can_interface.dir/C_/Users/Umut/pico-sdk/src/rp2_common/hardware_irq/irq.c.obj
LOAD CMakeFiles/citroen_can_interface.dir/C_/Users/Umut/pico-sdk/src/rp2_common/hardware_irq/irq_handler_chain.S.obj
LOAD CMakeFiles/citroen_can_interface.dir/C_/Users/Umut/pico-sdk/src/common/pico_sync/sem.c.obj
LOAD CMakeFiles/citroen_can_interface.dir/C_/Users/Umut/pico-sdk/src/common/pico_sync/lock_core.c.obj
LOAD CMakeFiles/citroen_can_interface.dir/C_/Users/Umut/pico-sdk/src/common/pico_sync/mutex.c.obj
LOAD CMakeFiles/citroen_can_interface.dir/C_/Users/Umut/pico-sdk/src/common/pico_sync/critical_section.c.obj
LOAD CMakeFiles/citroen_can_interface.dir/C_/Users/Umut/pico-sdk/src/common/pico_time/time.c.obj
LOAD CMakeFiles/citroen_can_interface.dir/C_/Users/Umut/pico-sdk/src/common/pico_time/timeout_helper.c.obj
LOAD CMakeFiles/citroen_can_interface.dir/C_/Users/Umut/pico-sdk/src/rp2_common/hardware_timer/timer.c.obj
LOAD CMakeFiles/citroen_can_interface.dir/C_/Users/Umut/pico-sdk/src/common/pico_util/datetime.c.obj
LOAD CMakeFiles/citroen_can_interface.dir/C_/Users/Umut/pico-sdk/src/common/pico_util/fixed_bitset.c.obj
LOAD CMakeFiles/citroen_can_interface.dir/C_/Users/Umut/pico-sdk/src/common/pico_util/pheap.c.obj
LOAD CMakeFiles/citroen_can_interface.dir/C_/Users/Umut/pico-sdk/src/common/pico_util/queue.c.obj
LOAD CMakeFiles/citroen_can_interface.dir/C_/Users/Umut/pico-sdk/src/rp2_common/hardware_uart/uart.c.obj
LOAD CMakeFiles/citroen_can_interface.dir/C_/Users/Umut/pico-sdk/src/rp2_common/hardware_clocks/clocks.c.obj
LOAD CMakeFiles/citroen_can_interface.dir/C_/Users/Umut/pico-sdk/src/rp2_common/hardware_pll/pll.c.obj
LOAD CMakeFiles/citroen_can_interface.dir/C_/Users/Umut/pico-sdk/src/rp2_common/hardware_vreg/vreg.c.obj
LOAD CMakeFiles/citroen_can_interface.dir/C_/Users/Umut/pico-sdk/src/rp2_common/hardware_watchdog/watchdog.c.obj
LOAD CMakeFiles/citroen_can_interface.dir/C_/Users/Umut/pico-sdk/src/rp2_common/hardware_ticks/ticks.c.obj
LOAD CMakeFiles/citroen_can_interface.dir/C_/Users/Umut/pico-sdk/src/rp2_common/pico_bootrom/bootrom.c.obj
LOAD CMakeFiles/citroen_can_interface.dir/C_/Users/Umut/pico-sdk/src/rp2_common/pico_bootrom/bootrom_lock.c.obj
LOAD CMakeFiles/citroen_can_interface.dir/C_/Users/Umut/pico-sdk/src/rp2_common/hardware_boot_lock/boot_lock.c.obj
LOAD CMakeFiles/citroen_can_interface.dir/C_/Users/Umut/pico-sdk/src/rp2_common/pico_flash/flash.c.obj
LOAD CMakeFiles/citroen_can_interface.dir/C_/Users/Umut/pico-sdk/src/rp2_common/hardware_xosc/xosc.c.obj
LOAD CMakeFiles/citroen_can_interface.dir/C_/Users/Umut/pico-sdk/src/rp2_common/hardware_divider/divider.c.obj
LOAD CMakeFiles/citroen_can_interface.dir/C_/Users/Umut/pico-sdk/src/rp2_common/pico_runtime/runtime.c.obj
LOAD CMakeFiles/citroen_can_interface.dir/C_/Users/Umut/pico-sdk/src/rp2_common/pico_runtime_init/runtime_init.c.obj
LOAD CMakeFiles/citroen_can_interface.dir/C_/Users/Umut/pico-sdk/src/rp2_common/pico_runtime_init/runtime_init_clocks.c.obj
LOAD CMakeFiles/citroen_can_interface.dir/C_/Users/Umut/pico-sdk/src/rp2_common/pico_runtime_init/runtime_init_stack_guard.c.obj
LOAD CMakeFiles/citroen_can_interface.dir/C_/Users/Umut/pico-sdk/src/rp2_common/pico_bit_ops/bit_ops_aeabi.S.obj
LOAD CMakeFiles/citroen_can_interface.dir/C_/Users/Umut/pico-sdk/src/rp2_common/pico_divider/divider_compiler.c.obj
LOAD CMakeFiles/citroen_can_interface.dir/C_/Users/Umut/pico-sdk/src/rp2_common/pico_double/double_math.c.obj
LOAD CMakeFiles/citroen_can_interface.dir/C_/Users/Umut/pico-sdk/src/rp2_common/pico_double/double_aeabi_dcp.S.obj
LOAD CMakeFiles/citroen_can_interface.dir/C_/Users/Umut/pico-sdk/src/rp2_common/pico_double/double_fma_dcp.S.obj
LOAD CMakeFiles/citroen_can_interface.dir/C_/Users/Umut/pico-sdk/src/rp2_common/pico_double/double_sci_m33.S.obj
LOAD CMakeFiles/citroen_can_interface.dir/C_/Users/Umut/pico-sdk/src/rp2_common/pico_double/double_conv_m33.S.obj
LOAD CMakeFiles/citroen_can_interface.dir/C_/Users/Umut/pico-sdk/src/rp2_common/pico_float/float_math.c.obj
LOAD CMakeFiles/citroen_can_interface.dir/C_/Users/Umut/pico-sdk/src/rp2_common/pico_float/float_conv32_vfp.S.obj
LOAD CMakeFiles/citroen_can_interface.dir/C_/Users/Umut/pico-sdk/src/rp2_common/pico_float/float_common_m33.S.obj
LOAD CMakeFiles/citroen_can_interface.dir/C_/Users/Umut/pico-sdk/src/rp2_common/pico_float/float_sci_m33_vfp.S.obj
LOAD CMakeFiles/citroen_can_interface.dir/C_/Users/Umut/pico-sdk/src/rp2_common/pico_malloc/malloc.c.obj
LOAD CMakeFiles/citroen_can_interface.dir/C_/Users/Umut/pico-sdk/src/rp2_common/pico_atomic/atomic.c.obj
LOAD CMakeFiles/citroen_can_interface.dir/C_/Users/Umut/pico-sdk/src/rp2_common/pico_cxx_options/new_delete.cpp.obj
LOAD CMakeFiles/citroen_can_interface.dir/C_/Users/Umut/pico-sdk/src/rp2_common/pico_standard_binary_info/standard_binary_info.c.obj
LOAD CMakeFiles/citroen_can_interface.dir/C_/Users/Umut/pico-sdk/src/rp2_common/pico_printf/printf.c.obj
LOAD CMakeFiles/citroen_can_interface.dir/C_/Users/Umut/pico-sdk/src/rp2_common/pico_crt0/crt0.S.obj
LOAD CMakeFiles/citroen_can_interface.dir/C_/Users/Umut/pico-sdk/src/rp2_common/pico_clib_interface/newlib_interface.c.obj
LOAD CMakeFiles/citroen_can_interface.dir/C_/Users/Umut/pico-sdk/src/rp2_common/pico_clib_interface/cxa_guard.c.obj
LOAD CMakeFiles/citroen_can_interface.dir/C_/Users/Umut/pico-sdk/src/rp2_common/pico_stdio/stdio.c.obj
LOAD CMakeFiles/citroen_can_interface.dir/C_/Users/Umut/pico-sdk/src/rp2_common/pico_stdio_uart/stdio_uart.c.obj
LOAD CMakeFiles/citroen_can_interface.dir/C_/Users/Umut/pico-sdk/src/rp2_common/pico_stdio_usb/stdio_usb.c.obj
LOAD CMakeFiles/citroen_can_interface.dir/C_/Users/Umut/pico-sdk/src/rp2_common/pico_stdio_usb/stdio_usb_descriptors.c.obj
LOAD CMakeFiles/citroen_can_interface.dir/C_/Users/Umut/pico-sdk/src/rp2_common/pico_unique_id/unique_id.c.obj
LOAD CMakeFiles/citroen_can_interface.dir/C_/Users/Umut/pico-sdk/src/rp2_common/hardware_flash/flash.c.obj
LOAD CMakeFiles/citroen_can_interface.dir/C_/Users/Umut/pico-sdk/src/rp2_common/hardware_xip_cache/xip_cache.c.obj
LOAD CMakeFiles/citroen_can_interface.dir/C_/Users/Umut/pico-sdk/src/rp2_common/pico_usb_reset/usb_reset.c.obj
LOAD CMakeFiles/citroen_can_interface.dir/C_/Users/Umut/pico-sdk/lib/tinyusb/src/portable/raspberrypi/rp2040/dcd_rp2040.c.obj
LOAD CMakeFiles/citroen_can_interface.dir/C_/Users/Umut/pico-sdk/lib/tinyusb/src/portable/raspberrypi/rp2040/rp2040_usb.c.obj
LOAD CMakeFiles/citroen_can_interface.dir/C_/Users/Umut/pico-sdk/lib/tinyusb/src/device/usbd.c.obj
LOAD CMakeFiles/citroen_can_interface.dir/C_/Users/Umut/pico-sdk/lib/tinyusb/src/device/usbd_control.c.obj
LOAD CMakeFiles/citroen_can_interface.dir/C_/Users/Umut/pico-sdk/lib/tinyusb/src/class/audio/audio_device.c.obj
LOAD CMakeFiles/citroen_can_interface.dir/C_/Users/Umut/pico-sdk/lib/tinyusb/src/class/cdc/cdc_device.c.obj
LOAD CMakeFiles/citroen_can_interface.dir/C_/Users/Umut/pico-sdk/lib/tinyusb/src/class/dfu/dfu_device.c.obj
LOAD CMakeFiles/citroen_can_interface.dir/C_/Users/Umut/pico-sdk/lib/tinyusb/src/class/dfu/dfu_rt_device.c.obj
LOAD CMakeFiles/citroen_can_interface.dir/C_/Users/Umut/pico-sdk/lib/tinyusb/src/class/hid/hid_device.c.obj
LOAD CMakeFiles/citroen_can_interface.dir/C_/Users/Umut/pico-sdk/lib/tinyusb/src/class/midi/midi_device.c.obj
LOAD CMakeFiles/citroen_can_interface.dir/C_/Users/Umut/pico-sdk/lib/tinyusb/src/class/msc/msc_device.c.obj
LOAD CMakeFiles/citroen_can_interface.dir/C_/Users/Umut/pico-sdk/lib/tinyusb/src/class/net/ecm_rndis_device.c.obj
LOAD CMakeFiles/citroen_can_interface.dir/C_/Users/Umut/pico-sdk/lib/tinyusb/src/class/net/ncm_device.c.obj
LOAD CMakeFiles/citroen_can_interface.dir/C_/Users/Umut/pico-sdk/lib/tinyusb/src/class/usbtmc/usbtmc_device.c.obj
LOAD CMakeFiles/citroen_can_interface.dir/C_/Users/Umut/pico-sdk/lib/tinyusb/src/class/vendor/vendor_device.c.obj
LOAD CMakeFiles/citroen_can_interface.dir/C_/Users/Umut/pico-sdk/lib/tinyusb/src/class/video/video_device.c.obj
LOAD CMakeFiles/citroen_can_interface.dir/C_/Users/Umut/pico-sdk/lib/tinyusb/src/tusb.c.obj
LOAD CMakeFiles/citroen_can_interface.dir/C_/Users/Umut/pico-sdk/lib/tinyusb/src/common/tusb_fifo.c.obj
LOAD CMakeFiles/citroen_can_interface.dir/C_/Users/Umut/pico-sdk/src/rp2_common/pico_fix/rp2040_usb_device_enumeration/rp2040_usb_device_enumeration.c.obj
LOAD CMakeFiles/citroen_can_interface.dir/C_/Users/Umut/pico-sdk/src/rp2_common/pico_thread_local/thread_local.c.obj
LOAD CMakeFiles/citroen_can_interface.dir/C_/Users/Umut/pico-sdk/src/rp2_common/hardware_spi/spi.c.obj
LOAD pico-sdk/src/rp2350/boot_stage2/CMakeFiles/bs2_default_library.dir/./bs2_default_padded.S.obj
LOAD c:/progra~1/raspbe~1/picosd~1.1/gcc-ar~1/bin/../lib/gcc/arm-none-eabi/10.3.1/../../../../arm-none-eabi/lib/thumb/v8-m.main+fp/softfp\libstdc++.a
LOAD c:/progra~1/raspbe~1/picosd~1.1/gcc-ar~1/bin/../lib/gcc/arm-none-eabi/10.3.1/../../../../arm-none-eabi/lib/thumb/v8-m.main+fp/softfp\libm.a
START GROUP
LOAD c:/progra~1/raspbe~1/picosd~1.1/gcc-ar~1/bin/../lib/gcc/arm-none-eabi/10.3.1/thumb/v8-m.main+fp/softfp\libgcc.a
LOAD c:/progra~1/raspbe~1/picosd~1.1/gcc-ar~1/bin/../lib/gcc/arm-none-eabi/10.3.1/../../../../arm-none-eabi/lib/thumb/v8-m.main+fp/softfp\libg.a
LOAD c:/progra~1/raspbe~1/picosd~1.1/gcc-ar~1/bin/../lib/gcc/arm-none-eabi/10.3.1/../../../../arm-none-eabi/lib/thumb/v8-m.main+fp/softfp\libc.a
END GROUP
                0x20000000                PROVIDE (RAM_ORIGIN = RAM_ORIGIN_DEFAULT)
                0x00080000                PROVIDE (RAM_LENGTH = RAM_LENGTH_DEFAULT)
                0x20080000                PROVIDE (SCRATCH_X_ORIGIN = SCRATCH_X_ORIGIN_DEFAULT)
                0x00001000                PROVIDE (SCRATCH_X_LENGTH = SCRATCH_X_LENGTH_DEFAULT)
                0x20081000                PROVIDE (SCRATCH_Y_ORIGIN = SCRATCH_Y_ORIGIN_DEFAULT)
                0x00001000                PROVIDE (SCRATCH_Y_LENGTH = SCRATCH_Y_LENGTH_DEFAULT)
                0x13ffc000                PROVIDE (XIP_RAM_ORIGIN = XIP_RAM_ORIGIN_DEFAULT)
                0x00004000                PROVIDE (XIP_RAM_LENGTH = XIP_RAM_LENGTH_DEFAULT)
                0x20000000                RAM_ORIGIN = DEFINED (RAM_ORIGIN)?RAM_ORIGIN:RAM_ORIGIN_DEFAULT
                0x00080000                RAM_LENGTH = DEFINED (RAM_LENGTH)?RAM_LENGTH:RAM_LENGTH_DEFAULT
                0x20080000                SCRATCH_X_ORIGIN = DEFINED (SCRATCH_X_ORIGIN)?SCRATCH_X_ORIGIN:SCRATCH_X_ORIGIN_DEFAULT
                0x00001000                SCRATCH_X_LENGTH = DEFINED (SCRATCH_X_LENGTH)?SCRATCH_X_LENGTH:SCRATCH_X_LENGTH_DEFAULT
                0x20081000                SCRATCH_Y_ORIGIN = DEFINED (SCRATCH_Y_ORIGIN)?SCRATCH_Y_ORIGIN:SCRATCH_Y_ORIGIN_DEFAULT
                0x00001000                SCRATCH_Y_LENGTH = DEFINED (SCRATCH_Y_LENGTH)?SCRATCH_Y_LENGTH:SCRATCH_Y_LENGTH_DEFAULT
                0x13ffc000                XIP_RAM_ORIGIN = DEFINED (XIP_RAM_ORIGIN)?XIP_RAM_ORIGIN:XIP_RAM_ORIGIN_DEFAULT
                0x00004000                XIP_RAM_LENGTH = DEFINED (XIP_RAM_LENGTH)?XIP_RAM_LENGTH:XIP_RAM_LENGTH_DEFAULT

.flash_begin    0x10000000        0x0
                0x10000000                __flash_binary_start = .

.text           0x10000000     0x6484
                0x10000000                __logical_binary_start = .
 *(.vectors)
 .vectors       0x10000000      0x124 CMakeFiles/citroen_can_interface.dir/C_/Users/Umut/pico-sdk/src/rp2_common/pico_crt0/crt0.S.obj
                0x10000000                __VECTOR_TABLE
                0x10000000                __vectors
                0x10000110                __unhandled_user_irq
                0x10000110                isr_irq49
                0x10000110                isr_irq13
                0x10000110                isr_irq43
                0x10000110                isr_irq45
                0x10000110                isr_irq27
                0x10000110                isr_irq32
                0x10000110                isr_irq31
                0x10000110                isr_irq12
                0x10000110                isr_irq5
                0x10000110                isr_irq11
                0x10000110                isr_irq3
                0x10000110                isr_irq23
                0x10000110                isr_usagefault
                0x10000110                isr_irq48
                0x10000110                isr_irq30
                0x10000110                isr_irq18
                0x10000110                isr_irq50
                0x10000110                isr_irq33
                0x10000110                isr_irq40
                0x10000110                isr_irq28
                0x10000110                isr_irq19
                0x10000110                isr_irq36
                0x10000110                isr_irq41
                0x10000110                isr_irq0
                0x10000110                isr_irq6
                0x10000110                isr_irq26
                0x10000110                isr_irq29
                0x10000110                isr_memmanage
                0x10000110                isr_irq37
                0x10000110                isr_irq42
                0x10000110                isr_irq22
                0x10000110                isr_irq35
                0x10000110                isr_irq17
                0x10000110                isr_irq38
                0x10000110                isr_irq14
                0x10000110                __vectors_end
                0x10000110                __default_isrs_start
                0x10000110                isr_irq2
                0x10000110                isr_irq10
                0x10000110                isr_irq8
                0x10000110                isr_debugmonitor
                0x10000110                isr_irq24
                0x10000110                isr_irq46
                0x10000110                isr_irq1
                0x10000110                isr_irq47
                0x10000110                isr_irq51
                0x10000110                isr_irq7
                0x10000110                isr_irq21
                0x10000110                isr_irq39
                0x10000110                isr_irq20
                0x10000110                isr_irq15
                0x10000110                isr_irq25
                0x10000110                isr_irq34
                0x10000110                isr_irq44
                0x10000110                isr_securefault
                0x10000110                isr_irq4
                0x10000110                isr_busfault
                0x10000110                isr_irq16
                0x10000110                isr_irq9
                0x10000116                unhandled_user_irq_num_in_r0
                0x10000118                isr_invalid
                0x1000011a                isr_nmi
                0x1000011c                isr_hardfault
                0x1000011e                isr_svcall
                0x10000120                isr_pendsv
                0x10000122                isr_systick
                0x10000124                __default_isrs_end
 *(.binary_info_header)
 .binary_info_header
                0x10000124       0x14 CMakeFiles/citroen_can_interface.dir/C_/Users/Umut/pico-sdk/src/rp2_common/pico_crt0/crt0.S.obj
                0x10000138                __binary_info_header_end = .
 *(.embedded_block)
 .embedded_block
                0x10000138       0x14 CMakeFiles/citroen_can_interface.dir/C_/Users/Umut/pico-sdk/src/rp2_common/pico_crt0/crt0.S.obj
                0x1000014c                __embedded_block_end = .
 *(.reset)
 .reset         0x1000014c       0x94 CMakeFiles/citroen_can_interface.dir/C_/Users/Umut/pico-sdk/src/rp2_common/pico_crt0/crt0.S.obj
                0x1000014c                _entry_point
 *(.init)
 *libgcc.a:cmse_nonsecure_call.o()
 *(EXCLUDE_FILE(*libm.a: *lib*_a-mem*.o *libc.a: *libgcc.a:) .text*)
 .text.startup.main
                0x100001e0      0x284 CMakeFiles/citroen_can_interface.dir/src/main.cpp.obj
                0x100001e0                main
 .text._ZN3psa7Mcp25157setModeEh
                0x10000464       0x94 CMakeFiles/citroen_can_interface.dir/src/mcp2515.cpp.obj
                0x10000464                psa::Mcp2515::setMode(unsigned char)
 .text._ZN3psa7Mcp251517setSnifferFiltersEv
                0x100004f8       0xa8 CMakeFiles/citroen_can_interface.dir/src/mcp2515.cpp.obj
                0x100004f8                psa::Mcp2515::setSnifferFilters()
 .text._ZN3psa7Mcp25154initENS_10CanBitrateE
                0x100005a0      0x190 CMakeFiles/citroen_can_interface.dir/src/mcp2515.cpp.obj
                0x100005a0                psa::Mcp2515::init(psa::CanBitrate)
 .text._ZN3psa7Mcp251513setNormalModeEv
                0x10000730        0x8 CMakeFiles/citroen_can_interface.dir/src/mcp2515.cpp.obj
                0x10000730                psa::Mcp2515::setNormalMode()
 .text._ZN3psa7Mcp251517setListenOnlyModeEv
                0x10000738        0x8 CMakeFiles/citroen_can_interface.dir/src/mcp2515.cpp.obj
                0x10000738                psa::Mcp2515::setListenOnlyMode()
 .text._ZN3psa7Mcp25155hasRxEv
                0x10000740       0x18 CMakeFiles/citroen_can_interface.dir/src/mcp2515.cpp.obj
                0x10000740                psa::Mcp2515::hasRx()
 .text._ZN3psa7Mcp25154readERNS_8CanFrameE
                0x10000758      0x138 CMakeFiles/citroen_can_interface.dir/src/mcp2515.cpp.obj
                0x10000758                psa::Mcp2515::read(psa::CanFrame&)
 .text._ZN3psa10CanManager4initERKNS_11DualCanPinsEb
                0x10000890       0x68 CMakeFiles/citroen_can_interface.dir/src/can_manager.cpp.obj
                0x10000890                psa::CanManager::init(psa::DualCanPins const&, bool)
 .text._ZNK3psa10CanManager5hasRxENS_3BusE
                0x100008f8        0x8 CMakeFiles/citroen_can_interface.dir/src/can_manager.cpp.obj
                0x100008f8                psa::CanManager::hasRx(psa::Bus) const
 .text._ZN3psa10CanManager4readENS_3BusERNS_8CanFrameE
                0x10000900        0xc CMakeFiles/citroen_can_interface.dir/src/can_manager.cpp.obj
                0x10000900                psa::CanManager::read(psa::Bus, psa::CanFrame&)
 .text.gpio_set_function
                0x1000090c       0x3c CMakeFiles/citroen_can_interface.dir/C_/Users/Umut/pico-sdk/src/rp2_common/hardware_gpio/gpio.c.obj
                0x1000090c                gpio_set_function
 .text.gpio_set_pulls
                0x10000948       0x34 CMakeFiles/citroen_can_interface.dir/C_/Users/Umut/pico-sdk/src/rp2_common/hardware_gpio/gpio.c.obj
                0x10000948                gpio_set_pulls
 .text.gpio_init
                0x1000097c       0x44 CMakeFiles/citroen_can_interface.dir/C_/Users/Umut/pico-sdk/src/rp2_common/hardware_gpio/gpio.c.obj
                0x1000097c                gpio_init
 .text.panic    0x100009c0       0x30 CMakeFiles/citroen_can_interface.dir/C_/Users/Umut/pico-sdk/src/rp2_common/pico_platform_panic/panic.c.obj
                0x100009c0                panic
 .text.hw_claim_or_assert
                0x100009f0       0x5c CMakeFiles/citroen_can_interface.dir/C_/Users/Umut/pico-sdk/src/common/hardware_claim/claim.c.obj
                0x100009f0                hw_claim_or_assert
 .text.hw_claim_unused_from_range
                0x10000a4c       0x9c CMakeFiles/citroen_can_interface.dir/C_/Users/Umut/pico-sdk/src/common/hardware_claim/claim.c.obj
                0x10000a4c                hw_claim_unused_from_range
 .text.next_striped_spin_lock_num
                0x10000ae8       0x18 CMakeFiles/citroen_can_interface.dir/C_/Users/Umut/pico-sdk/src/rp2_common/hardware_sync/sync.c.obj
                0x10000ae8                next_striped_spin_lock_num
 .text.spin_lock_claim_unused
                0x10000b00       0x20 CMakeFiles/citroen_can_interface.dir/C_/Users/Umut/pico-sdk/src/rp2_common/hardware_sync/sync.c.obj
                0x10000b00                spin_lock_claim_unused
 .text.spinlock_set_extexclall
                0x10000b20       0x10 CMakeFiles/citroen_can_interface.dir/C_/Users/Umut/pico-sdk/src/rp2_common/hardware_sync_spin_lock/sync_spin_lock.c.obj
 .text.spin_locks_reset
                0x10000b30       0x18 CMakeFiles/citroen_can_interface.dir/C_/Users/Umut/pico-sdk/src/rp2_common/hardware_sync_spin_lock/sync_spin_lock.c.obj
                0x10000b30                spin_locks_reset
 .text.runtime_init_per_core_irq_priorities
                0x10000b48       0x40 CMakeFiles/citroen_can_interface.dir/C_/Users/Umut/pico-sdk/src/rp2_common/hardware_irq/irq.c.obj
                0x10000b48                runtime_init_per_core_irq_priorities
 .text.irq_set_enabled
                0x10000b88       0x2c CMakeFiles/citroen_can_interface.dir/C_/Users/Umut/pico-sdk/src/rp2_common/hardware_irq/irq.c.obj
                0x10000b88                irq_set_enabled
 .text.irq_is_enabled
                0x10000bb4       0x20 CMakeFiles/citroen_can_interface.dir/C_/Users/Umut/pico-sdk/src/rp2_common/hardware_irq/irq.c.obj
                0x10000bb4                irq_is_enabled
 .text.irq_set_pending
                0x10000bd4       0x1c CMakeFiles/citroen_can_interface.dir/C_/Users/Umut/pico-sdk/src/rp2_common/hardware_irq/irq.c.obj
                0x10000bd4                irq_set_pending
 .text.irq_has_shared_handler
                0x10000bf0       0x20 CMakeFiles/citroen_can_interface.dir/C_/Users/Umut/pico-sdk/src/rp2_common/hardware_irq/irq.c.obj
                0x10000bf0                irq_has_shared_handler
 .text.irq_set_exclusive_handler
                0x10000c10       0x5c CMakeFiles/citroen_can_interface.dir/C_/Users/Umut/pico-sdk/src/rp2_common/hardware_irq/irq.c.obj
                0x10000c10                irq_set_exclusive_handler
 .text.irq_add_shared_handler
                0x10000c6c      0x1e8 CMakeFiles/citroen_can_interface.dir/C_/Users/Umut/pico-sdk/src/rp2_common/hardware_irq/irq.c.obj
                0x10000c6c                irq_add_shared_handler
 .text.irq_remove_handler
                0x10000e54      0x1d0 CMakeFiles/citroen_can_interface.dir/C_/Users/Umut/pico-sdk/src/rp2_common/hardware_irq/irq.c.obj
                0x10000e54                irq_remove_handler
 .text.irq_add_tail_to_free_list
                0x10001024       0xd4 CMakeFiles/citroen_can_interface.dir/C_/Users/Umut/pico-sdk/src/rp2_common/hardware_irq/irq.c.obj
                0x10001024                irq_add_tail_to_free_list
 .text.user_irq_claim_unused
                0x100010f8       0x28 CMakeFiles/citroen_can_interface.dir/C_/Users/Umut/pico-sdk/src/rp2_common/hardware_irq/irq.c.obj
                0x100010f8                user_irq_claim_unused
 .text.lock_init
                0x10001120        0xc CMakeFiles/citroen_can_interface.dir/C_/Users/Umut/pico-sdk/src/common/pico_sync/lock_core.c.obj
                0x10001120                lock_init
 .text.runtime_init_mutex
                0x1000112c       0x54 CMakeFiles/citroen_can_interface.dir/C_/Users/Umut/pico-sdk/src/common/pico_sync/mutex.c.obj
                0x1000112c                runtime_init_mutex
 .text.mutex_init
                0x10001180       0x1c CMakeFiles/citroen_can_interface.dir/C_/Users/Umut/pico-sdk/src/common/pico_sync/mutex.c.obj
                0x10001180                mutex_init
 .text.critical_section_init
                0x1000119c       0x1c CMakeFiles/citroen_can_interface.dir/C_/Users/Umut/pico-sdk/src/common/pico_sync/critical_section.c.obj
                0x1000119c                critical_section_init
 .text.critical_section_init_with_lock_num
                0x100011b8       0x10 CMakeFiles/citroen_can_interface.dir/C_/Users/Umut/pico-sdk/src/common/pico_sync/critical_section.c.obj
                0x100011b8                critical_section_init_with_lock_num
 .text.sleep_until_callback
                0x100011c8       0x4c CMakeFiles/citroen_can_interface.dir/C_/Users/Umut/pico-sdk/src/common/pico_time/time.c.obj
 *fill*         0x10001214        0x4 
 .text.alarm_pool_irq_handler
                0x10001218      0x300 CMakeFiles/citroen_can_interface.dir/C_/Users/Umut/pico-sdk/src/common/pico_time/time.c.obj
 .text.runtime_init_default_alarm_pool
                0x10001518      0x100 CMakeFiles/citroen_can_interface.dir/C_/Users/Umut/pico-sdk/src/common/pico_time/time.c.obj
                0x10001518                runtime_init_default_alarm_pool
 .text.alarm_pool_get_default
                0x10001618        0x8 CMakeFiles/citroen_can_interface.dir/C_/Users/Umut/pico-sdk/src/common/pico_time/time.c.obj
                0x10001618                alarm_pool_get_default
 .text.alarm_pool_add_alarm_at
                0x10001620       0xdc CMakeFiles/citroen_can_interface.dir/C_/Users/Umut/pico-sdk/src/common/pico_time/time.c.obj
                0x10001620                alarm_pool_add_alarm_at
 .text.alarm_pool_add_alarm_at_force_in_context
                0x100016fc       0xc4 CMakeFiles/citroen_can_interface.dir/C_/Users/Umut/pico-sdk/src/common/pico_time/time.c.obj
                0x100016fc                alarm_pool_add_alarm_at_force_in_context
 .text.alarm_pool_cancel_alarm
                0x100017c0       0x80 CMakeFiles/citroen_can_interface.dir/C_/Users/Umut/pico-sdk/src/common/pico_time/time.c.obj
                0x100017c0                alarm_pool_cancel_alarm
 .text.alarm_pool_core_num
                0x10001840        0x4 CMakeFiles/citroen_can_interface.dir/C_/Users/Umut/pico-sdk/src/common/pico_time/time.c.obj
                0x10001840                alarm_pool_core_num
 .text.sleep_until
                0x10001844       0xd4 CMakeFiles/citroen_can_interface.dir/C_/Users/Umut/pico-sdk/src/common/pico_time/time.c.obj
                0x10001844                sleep_until
 .text.sleep_ms
                0x10001918       0x24 CMakeFiles/citroen_can_interface.dir/C_/Users/Umut/pico-sdk/src/common/pico_time/time.c.obj
                0x10001918                sleep_ms
 .text.best_effort_wfe_or_timeout
                0x1000193c       0xf0 CMakeFiles/citroen_can_interface.dir/C_/Users/Umut/pico-sdk/src/common/pico_time/time.c.obj
                0x1000193c                best_effort_wfe_or_timeout
 .text.timer_hardware_alarm_claim
                0x10001a2c       0x24 CMakeFiles/citroen_can_interface.dir/C_/Users/Umut/pico-sdk/src/rp2_common/hardware_timer/timer.c.obj
                0x10001a2c                timer_hardware_alarm_claim
 .text.timer_time_us_64
                0x10001a50       0x10 CMakeFiles/citroen_can_interface.dir/C_/Users/Umut/pico-sdk/src/rp2_common/hardware_timer/timer.c.obj
                0x10001a50                timer_time_us_64
 .text.time_us_64
                0x10001a60       0x14 CMakeFiles/citroen_can_interface.dir/C_/Users/Umut/pico-sdk/src/rp2_common/hardware_timer/timer.c.obj
                0x10001a60                time_us_64
 .text.busy_wait_us
                0x10001a74       0x4c CMakeFiles/citroen_can_interface.dir/C_/Users/Umut/pico-sdk/src/rp2_common/hardware_timer/timer.c.obj
                0x10001a74                busy_wait_us
 .text.busy_wait_until
                0x10001ac0       0x24 CMakeFiles/citroen_can_interface.dir/C_/Users/Umut/pico-sdk/src/rp2_common/hardware_timer/timer.c.obj
                0x10001ac0                busy_wait_until
 .text.uart_init
                0x10001ae4      0x104 CMakeFiles/citroen_can_interface.dir/C_/Users/Umut/pico-sdk/src/rp2_common/hardware_uart/uart.c.obj
                0x10001ae4                uart_init
 .text.clock_configure_undivided
                0x10001be8       0xd0 CMakeFiles/citroen_can_interface.dir/C_/Users/Umut/pico-sdk/src/rp2_common/hardware_clocks/clocks.c.obj
                0x10001be8                clock_configure_undivided
 .text.clock_get_hz
                0x10001cb8        0xc CMakeFiles/citroen_can_interface.dir/C_/Users/Umut/pico-sdk/src/rp2_common/hardware_clocks/clocks.c.obj
                0x10001cb8                clock_get_hz
 .text.pll_init
                0x10001cc4       0x8c CMakeFiles/citroen_can_interface.dir/C_/Users/Umut/pico-sdk/src/rp2_common/hardware_pll/pll.c.obj
                0x10001cc4                pll_init
 .text.watchdog_reboot
                0x10001d50       0x9c CMakeFiles/citroen_can_interface.dir/C_/Users/Umut/pico-sdk/src/rp2_common/hardware_watchdog/watchdog.c.obj
                0x10001d50                watchdog_reboot
 .text.tick_start
                0x10001dec       0x18 CMakeFiles/citroen_can_interface.dir/C_/Users/Umut/pico-sdk/src/rp2_common/hardware_ticks/ticks.c.obj
                0x10001dec                tick_start
 .text.rom_reboot.constprop.0.isra.0
                0x10001e04       0x3c CMakeFiles/citroen_can_interface.dir/C_/Users/Umut/pico-sdk/src/rp2_common/pico_bootrom/bootrom.c.obj
 .text.rom_func_lookup
                0x10001e40       0x18 CMakeFiles/citroen_can_interface.dir/C_/Users/Umut/pico-sdk/src/rp2_common/pico_bootrom/bootrom.c.obj
                0x10001e40                rom_func_lookup
 .text.rom_reset_usb_boot_extra
                0x10001e58       0x34 CMakeFiles/citroen_can_interface.dir/C_/Users/Umut/pico-sdk/src/rp2_common/pico_bootrom/bootrom.c.obj
                0x10001e58                rom_reset_usb_boot_extra
 .text.runtime_init_bootrom_locking_enable
                0x10001e8c       0x14 CMakeFiles/citroen_can_interface.dir/C_/Users/Umut/pico-sdk/src/rp2_common/pico_bootrom/bootrom_lock.c.obj
                0x10001e8c                runtime_init_bootrom_locking_enable
 .text.runtime_init_boot_locks_reset
                0x10001ea0       0x1c CMakeFiles/citroen_can_interface.dir/C_/Users/Umut/pico-sdk/src/rp2_common/hardware_boot_lock/boot_lock.c.obj
                0x10001ea0                runtime_init_boot_locks_reset
 .text.xosc_init
                0x10001ebc       0x30 CMakeFiles/citroen_can_interface.dir/C_/Users/Umut/pico-sdk/src/rp2_common/hardware_xosc/xosc.c.obj
                0x10001ebc                xosc_init
 .text.first_per_core_initializer
                0x10001eec        0x4 CMakeFiles/citroen_can_interface.dir/C_/Users/Umut/pico-sdk/src/rp2_common/pico_runtime/runtime.c.obj
 .text.hard_assertion_failure
                0x10001ef0        0xc CMakeFiles/citroen_can_interface.dir/C_/Users/Umut/pico-sdk/src/rp2_common/pico_runtime/runtime.c.obj
                0x10001ef0                hard_assertion_failure
 .text.runtime_run_initializers
                0x10001efc       0x20 CMakeFiles/citroen_can_interface.dir/C_/Users/Umut/pico-sdk/src/rp2_common/pico_runtime/runtime.c.obj
                0x10001efc                runtime_run_initializers
 .text.runtime_init_early_resets
                0x10001f1c       0x34 CMakeFiles/citroen_can_interface.dir/C_/Users/Umut/pico-sdk/src/rp2_common/pico_runtime_init/runtime_init.c.obj
                0x10001f1c                runtime_init_early_resets
 .text.runtime_init_usb_power_down
                0x10001f50       0x1c CMakeFiles/citroen_can_interface.dir/C_/Users/Umut/pico-sdk/src/rp2_common/pico_runtime_init/runtime_init.c.obj
                0x10001f50                runtime_init_usb_power_down
 .text.runtime_init_per_core_enable_coprocessors
                0x10001f6c       0x1c CMakeFiles/citroen_can_interface.dir/C_/Users/Umut/pico-sdk/src/rp2_common/pico_runtime_init/runtime_init.c.obj
                0x10001f6c                runtime_init_per_core_enable_coprocessors
 .text.runtime_init_post_clock_resets
                0x10001f88       0x20 CMakeFiles/citroen_can_interface.dir/C_/Users/Umut/pico-sdk/src/rp2_common/pico_runtime_init/runtime_init.c.obj
                0x10001f88                runtime_init_post_clock_resets
 .text.runtime_init_bootrom_reset
                0x10001fa8       0x14 CMakeFiles/citroen_can_interface.dir/C_/Users/Umut/pico-sdk/src/rp2_common/pico_runtime_init/runtime_init.c.obj
                0x10001fa8                runtime_init_bootrom_reset
 .text.runtime_init_per_core_bootrom_reset
                0x10001fbc       0x14 CMakeFiles/citroen_can_interface.dir/C_/Users/Umut/pico-sdk/src/rp2_common/pico_runtime_init/runtime_init.c.obj
                0x10001fbc                runtime_init_per_core_bootrom_reset
 .text.runtime_init_spin_locks_reset
                0x10001fd0        0x4 CMakeFiles/citroen_can_interface.dir/C_/Users/Umut/pico-sdk/src/rp2_common/pico_runtime_init/runtime_init.c.obj
                0x10001fd0                runtime_init_spin_locks_reset
 .text.runtime_init_install_ram_vector_table
                0x10001fd4       0xc4 CMakeFiles/citroen_can_interface.dir/C_/Users/Umut/pico-sdk/src/rp2_common/pico_runtime_init/runtime_init.c.obj
                0x10001fd4                runtime_init_install_ram_vector_table
 .text.runtime_init_clocks
                0x10002098       0xdc CMakeFiles/citroen_can_interface.dir/C_/Users/Umut/pico-sdk/src/rp2_common/pico_runtime_init/runtime_init_clocks.c.obj
                0x10002098                runtime_init_clocks
 .text.__rp2350_dcp_engaged_state_save_restore
                0x10002174       0x3a CMakeFiles/citroen_can_interface.dir/C_/Users/Umut/pico-sdk/src/rp2_common/pico_double/double_aeabi_dcp.S.obj
 *fill*         0x100021ae        0x2 
 .text.__wrap___aeabi_dadd
                0x100021b0       0x28 CMakeFiles/citroen_can_interface.dir/C_/Users/Umut/pico-sdk/src/rp2_common/pico_double/double_aeabi_dcp.S.obj
                0x100021b8                __wrap___aeabi_dadd
 .text.__wrap___aeabi_dsub
                0x100021d8       0x28 CMakeFiles/citroen_can_interface.dir/C_/Users/Umut/pico-sdk/src/rp2_common/pico_double/double_aeabi_dcp.S.obj
                0x100021e0                __wrap___aeabi_dsub
 .text.__wrap___aeabi_dmul
                0x10002200       0x48 CMakeFiles/citroen_can_interface.dir/C_/Users/Umut/pico-sdk/src/rp2_common/pico_double/double_aeabi_dcp.S.obj
                0x10002208                __wrap___aeabi_dmul
 .text.__wrap___aeabi_ddiv
                0x10002248       0x9c CMakeFiles/citroen_can_interface.dir/C_/Users/Umut/pico-sdk/src/rp2_common/pico_double/double_aeabi_dcp.S.obj
                0x10002250                __wrap___aeabi_ddiv
 .text.__wrap___aeabi_i2d
                0x100022e4       0x24 CMakeFiles/citroen_can_interface.dir/C_/Users/Umut/pico-sdk/src/rp2_common/pico_double/double_aeabi_dcp.S.obj
                0x100022ec                int2double
                0x100022ec                __wrap___aeabi_i2d
 .text.__wrap___aeabi_ui2d
                0x10002308       0x24 CMakeFiles/citroen_can_interface.dir/C_/Users/Umut/pico-sdk/src/rp2_common/pico_double/double_aeabi_dcp.S.obj
                0x10002310                uint2double
                0x10002310                __wrap___aeabi_ui2d
 .text.__wrap___aeabi_d2iz
                0x1000232c       0x24 CMakeFiles/citroen_can_interface.dir/C_/Users/Umut/pico-sdk/src/rp2_common/pico_double/double_aeabi_dcp.S.obj
                0x10002334                double2int_z
                0x10002334                __wrap___aeabi_d2iz
 .text.__wrap___aeabi_d2uiz
                0x10002350       0x24 CMakeFiles/citroen_can_interface.dir/C_/Users/Umut/pico-sdk/src/rp2_common/pico_double/double_aeabi_dcp.S.obj
                0x10002358                double2uint
                0x10002358                __wrap___aeabi_d2uiz
                0x10002358                double2uint_z
 .text.__wrap___aeabi_dcmpun
                0x10002374       0x24 CMakeFiles/citroen_can_interface.dir/C_/Users/Umut/pico-sdk/src/rp2_common/pico_double/double_aeabi_dcp.S.obj
                0x1000237c                __wrap___aeabi_dcmpun
 .text.__wrap___aeabi_dcmplt
                0x10002398       0x28 CMakeFiles/citroen_can_interface.dir/C_/Users/Umut/pico-sdk/src/rp2_common/pico_double/double_aeabi_dcp.S.obj
                0x100023a0                __wrap___aeabi_dcmplt
 .text.__wrap___aeabi_dcmple
                0x100023c0       0x28 CMakeFiles/citroen_can_interface.dir/C_/Users/Umut/pico-sdk/src/rp2_common/pico_double/double_aeabi_dcp.S.obj
                0x100023c8                __wrap___aeabi_dcmple
 .text.__wrap___aeabi_dcmpge
                0x100023e8       0x28 CMakeFiles/citroen_can_interface.dir/C_/Users/Umut/pico-sdk/src/rp2_common/pico_double/double_aeabi_dcp.S.obj
                0x100023f0                __wrap___aeabi_dcmpge
 .text.__wrap___aeabi_dcmpgt
                0x10002410       0x28 CMakeFiles/citroen_can_interface.dir/C_/Users/Umut/pico-sdk/src/rp2_common/pico_double/double_aeabi_dcp.S.obj
                0x10002418                __wrap___aeabi_dcmpgt
 .text._out_null
                0x10002438        0x4 CMakeFiles/citroen_can_interface.dir/C_/Users/Umut/pico-sdk/src/rp2_common/pico_printf/printf.c.obj
 .text._out_rev
                0x1000243c       0x88 CMakeFiles/citroen_can_interface.dir/C_/Users/Umut/pico-sdk/src/rp2_common/pico_printf/printf.c.obj
 .text._ntoa_format
                0x100024c4      0x1e8 CMakeFiles/citroen_can_interface.dir/C_/Users/Umut/pico-sdk/src/rp2_common/pico_printf/printf.c.obj
 .text._out_char
                0x100026ac        0x8 CMakeFiles/citroen_can_interface.dir/C_/Users/Umut/pico-sdk/src/rp2_common/pico_printf/printf.c.obj
 .text._out_fct
                0x100026b4        0xc CMakeFiles/citroen_can_interface.dir/C_/Users/Umut/pico-sdk/src/rp2_common/pico_printf/printf.c.obj
 .text._etoa    0x100026c0      0x460 CMakeFiles/citroen_can_interface.dir/C_/Users/Umut/pico-sdk/src/rp2_common/pico_printf/printf.c.obj
 .text._ftoa    0x10002b20      0x3d8 CMakeFiles/citroen_can_interface.dir/C_/Users/Umut/pico-sdk/src/rp2_common/pico_printf/printf.c.obj
 .text._vsnprintf
                0x10002ef8      0x9c8 CMakeFiles/citroen_can_interface.dir/C_/Users/Umut/pico-sdk/src/rp2_common/pico_printf/printf.c.obj
 .text.vfctprintf
                0x100038c0       0x28 CMakeFiles/citroen_can_interface.dir/C_/Users/Umut/pico-sdk/src/rp2_common/pico_printf/printf.c.obj
                0x100038c0                vfctprintf
 .text.weak_raw_vprintf
                0x100038e8       0x30 CMakeFiles/citroen_can_interface.dir/C_/Users/Umut/pico-sdk/src/rp2_common/pico_printf/printf.c.obj
                0x100038e8                weak_raw_vprintf
 .text._exit    0x10003918        0x4 CMakeFiles/citroen_can_interface.dir/C_/Users/Umut/pico-sdk/src/rp2_common/pico_clib_interface/newlib_interface.c.obj
                0x10003918                _exit
 .text._fini    0x1000391c        0x4 CMakeFiles/citroen_can_interface.dir/C_/Users/Umut/pico-sdk/src/rp2_common/pico_clib_interface/newlib_interface.c.obj
                0x1000391c                _fini
 .text.exit     0x10003920        0x8 CMakeFiles/citroen_can_interface.dir/C_/Users/Umut/pico-sdk/src/rp2_common/pico_clib_interface/newlib_interface.c.obj
                0x10003920                exit
 .text.runtime_init
                0x10003928       0x24 CMakeFiles/citroen_can_interface.dir/C_/Users/Umut/pico-sdk/src/rp2_common/pico_clib_interface/newlib_interface.c.obj
                0x10003928                runtime_init
 .text.stdio_out_chars_no_crlf
                0x1000394c        0x8 CMakeFiles/citroen_can_interface.dir/C_/Users/Umut/pico-sdk/src/rp2_common/pico_stdio/stdio.c.obj
 .text.stdio_out_chars_crlf
                0x10003954       0xac CMakeFiles/citroen_can_interface.dir/C_/Users/Umut/pico-sdk/src/rp2_common/pico_stdio/stdio.c.obj
 .text.stdio_buffered_printer
                0x10003a00       0x50 CMakeFiles/citroen_can_interface.dir/C_/Users/Umut/pico-sdk/src/rp2_common/pico_stdio/stdio.c.obj
 .text.stdio_put_string
                0x10003a50       0xe8 CMakeFiles/citroen_can_interface.dir/C_/Users/Umut/pico-sdk/src/rp2_common/pico_stdio/stdio.c.obj
                0x10003a50                stdio_put_string
 .text.stdio_set_driver_enabled
                0x10003b38       0x28 CMakeFiles/citroen_can_interface.dir/C_/Users/Umut/pico-sdk/src/rp2_common/pico_stdio/stdio.c.obj
                0x10003b38                stdio_set_driver_enabled
 .text.stdio_init_all
                0x10003b60       0x10 CMakeFiles/citroen_can_interface.dir/C_/Users/Umut/pico-sdk/src/rp2_common/pico_stdio/stdio.c.obj
                0x10003b60                stdio_init_all
 .text.__wrap_putchar
                0x10003b70       0x7c CMakeFiles/citroen_can_interface.dir/C_/Users/Umut/pico-sdk/src/rp2_common/pico_stdio/stdio.c.obj
                0x10003b70                __wrap_putchar
                0x10003b70                stdio_putchar
 .text.__wrap_puts
                0x10003bec       0x3c CMakeFiles/citroen_can_interface.dir/C_/Users/Umut/pico-sdk/src/rp2_common/pico_stdio/stdio.c.obj
                0x10003bec                stdio_puts
                0x10003bec                __wrap_puts
 .text.__wrap_vprintf
                0x10003c28       0xc0 CMakeFiles/citroen_can_interface.dir/C_/Users/Umut/pico-sdk/src/rp2_common/pico_stdio/stdio.c.obj
                0x10003c28                stdio_vprintf
                0x10003c28                __wrap_vprintf
 .text.__wrap_printf
                0x10003ce8       0x1c CMakeFiles/citroen_can_interface.dir/C_/Users/Umut/pico-sdk/src/rp2_common/pico_stdio/stdio.c.obj
                0x10003ce8                __wrap_printf
                0x10003ce8                stdio_printf
 .text.stdio_uart_out_chars
                0x10003d04       0x50 CMakeFiles/citroen_can_interface.dir/C_/Users/Umut/pico-sdk/src/rp2_common/pico_stdio_uart/stdio_uart.c.obj
 .text.stdio_uart_in_chars
                0x10003d54       0x80 CMakeFiles/citroen_can_interface.dir/C_/Users/Umut/pico-sdk/src/rp2_common/pico_stdio_uart/stdio_uart.c.obj
                0x10003d54                stdio_uart_in_chars
 .text.on_uart_rx
                0x10003dd4       0x24 CMakeFiles/citroen_can_interface.dir/C_/Users/Umut/pico-sdk/src/rp2_common/pico_stdio_uart/stdio_uart.c.obj
 .text.stdio_uart_out_flush
                0x10003df8       0x10 CMakeFiles/citroen_can_interface.dir/C_/Users/Umut/pico-sdk/src/rp2_common/pico_stdio_uart/stdio_uart.c.obj
 .text.stdio_uart_set_chars_available_callback
                0x10003e08       0x84 CMakeFiles/citroen_can_interface.dir/C_/Users/Umut/pico-sdk/src/rp2_common/pico_stdio_uart/stdio_uart.c.obj
 .text.stdio_uart_init
                0x10003e8c       0x54 CMakeFiles/citroen_can_interface.dir/C_/Users/Umut/pico-sdk/src/rp2_common/pico_stdio_uart/stdio_uart.c.obj
                0x10003e8c                stdio_uart_init
 .text.stdio_usb_set_chars_available_callback
                0x10003ee0       0x14 CMakeFiles/citroen_can_interface.dir/C_/Users/Umut/pico-sdk/src/rp2_common/pico_stdio_usb/stdio_usb.c.obj
                0x10003ee0                stdio_usb_set_chars_available_callback
 .text.timer_task
                0x10003ef4       0x70 CMakeFiles/citroen_can_interface.dir/C_/Users/Umut/pico-sdk/src/rp2_common/pico_stdio_usb/stdio_usb.c.obj
 .text.usb_irq  0x10003f64        0xc CMakeFiles/citroen_can_interface.dir/C_/Users/Umut/pico-sdk/src/rp2_common/pico_stdio_usb/stdio_usb.c.obj
 .text.stdio_usb_in_chars
                0x10003f70       0x84 CMakeFiles/citroen_can_interface.dir/C_/Users/Umut/pico-sdk/src/rp2_common/pico_stdio_usb/stdio_usb.c.obj
                0x10003f70                stdio_usb_in_chars
 .text.stdio_usb_out_flush
                0x10003ff4       0x4c CMakeFiles/citroen_can_interface.dir/C_/Users/Umut/pico-sdk/src/rp2_common/pico_stdio_usb/stdio_usb.c.obj
 .text.stdio_usb_out_chars
                0x10004040       0xf0 CMakeFiles/citroen_can_interface.dir/C_/Users/Umut/pico-sdk/src/rp2_common/pico_stdio_usb/stdio_usb.c.obj
 .text.low_priority_worker_irq
                0x10004130       0xc8 CMakeFiles/citroen_can_interface.dir/C_/Users/Umut/pico-sdk/src/rp2_common/pico_stdio_usb/stdio_usb.c.obj
 .text.stdio_usb_init
                0x100041f8       0xdc CMakeFiles/citroen_can_interface.dir/C_/Users/Umut/pico-sdk/src/rp2_common/pico_stdio_usb/stdio_usb.c.obj
                0x100041f8                stdio_usb_init
 .text.tud_descriptor_device_cb
                0x100042d4        0x8 CMakeFiles/citroen_can_interface.dir/C_/Users/Umut/pico-sdk/src/rp2_common/pico_stdio_usb/stdio_usb_descriptors.c.obj
                0x100042d4                tud_descriptor_device_cb
 .text.tud_descriptor_configuration_cb
                0x100042dc        0x8 CMakeFiles/citroen_can_interface.dir/C_/Users/Umut/pico-sdk/src/rp2_common/pico_stdio_usb/stdio_usb_descriptors.c.obj
                0x100042dc                tud_descriptor_configuration_cb
 .text.tud_descriptor_string_cb
                0x100042e4       0x78 CMakeFiles/citroen_can_interface.dir/C_/Users/Umut/pico-sdk/src/rp2_common/pico_stdio_usb/stdio_usb_descriptors.c.obj
                0x100042e4                tud_descriptor_string_cb
 .text.startup._retrieve_unique_id_on_boot
                0x1000435c       0x30 CMakeFiles/citroen_can_interface.dir/C_/Users/Umut/pico-sdk/src/rp2_common/pico_unique_id/unique_id.c.obj
 .text.pico_get_unique_board_id_string
                0x1000438c      0x180 CMakeFiles/citroen_can_interface.dir/C_/Users/Umut/pico-sdk/src/rp2_common/pico_unique_id/unique_id.c.obj
                0x1000438c                pico_get_unique_board_id_string
 .text.usb_reset_interface_init
                0x1000450c        0x4 CMakeFiles/citroen_can_interface.dir/C_/Users/Umut/pico-sdk/src/rp2_common/pico_usb_reset/usb_reset.c.obj
                0x1000450c                usb_reset_interface_init
 .text.usb_reset_interface_reset
                0x10004510        0xc CMakeFiles/citroen_can_interface.dir/C_/Users/Umut/pico-sdk/src/rp2_common/pico_usb_reset/usb_reset.c.obj
                0x10004510                usb_reset_interface_reset
 .text.usb_reset_interface_open
                0x1000451c       0x28 CMakeFiles/citroen_can_interface.dir/C_/Users/Umut/pico-sdk/src/rp2_common/pico_usb_reset/usb_reset.c.obj
                0x1000451c                usb_reset_interface_open
 .text.usb_reset_interface_xfer_cb
                0x10004544        0x4 CMakeFiles/citroen_can_interface.dir/C_/Users/Umut/pico-sdk/src/rp2_common/pico_usb_reset/usb_reset.c.obj
                0x10004544                usb_reset_interface_xfer_cb
 .text.usb_reset_interface_control_xfer_cb
                0x10004548       0x50 CMakeFiles/citroen_can_interface.dir/C_/Users/Umut/pico-sdk/src/rp2_common/pico_usb_reset/usb_reset.c.obj
                0x10004548                usb_reset_interface_control_xfer_cb
 .text.tud_descriptor_bos_cb
                0x10004598        0x8 CMakeFiles/citroen_can_interface.dir/C_/Users/Umut/pico-sdk/src/rp2_common/pico_usb_reset/usb_reset.c.obj
                0x10004598                tud_descriptor_bos_cb
 .text.tud_vendor_control_xfer_cb
                0x100045a0       0x28 CMakeFiles/citroen_can_interface.dir/C_/Users/Umut/pico-sdk/src/rp2_common/pico_usb_reset/usb_reset.c.obj
                0x100045a0                tud_vendor_control_xfer_cb
 .text.usbd_app_driver_get_cb
                0x100045c8       0x10 CMakeFiles/citroen_can_interface.dir/C_/Users/Umut/pico-sdk/src/rp2_common/pico_usb_reset/usb_reset.c.obj
                0x100045c8                usbd_app_driver_get_cb
 .text.tud_cdc_line_coding_cb
                0x100045d8       0x18 CMakeFiles/citroen_can_interface.dir/C_/Users/Umut/pico-sdk/src/rp2_common/pico_usb_reset/usb_reset.c.obj
                0x100045d8                tud_cdc_line_coding_cb
 .text.dcd_init
                0x100045f0       0x94 CMakeFiles/citroen_can_interface.dir/C_/Users/Umut/pico-sdk/lib/tinyusb/src/portable/raspberrypi/rp2040/dcd_rp2040.c.obj
                0x100045f0                dcd_init
 .text.dcd_int_enable
                0x10004684        0x8 CMakeFiles/citroen_can_interface.dir/C_/Users/Umut/pico-sdk/lib/tinyusb/src/portable/raspberrypi/rp2040/dcd_rp2040.c.obj
                0x10004684                dcd_int_enable
 .text.dcd_set_address
                0x1000468c       0x10 CMakeFiles/citroen_can_interface.dir/C_/Users/Umut/pico-sdk/lib/tinyusb/src/portable/raspberrypi/rp2040/dcd_rp2040.c.obj
                0x1000468c                dcd_set_address
 .text.dcd_sof_enable
                0x1000469c       0x1c CMakeFiles/citroen_can_interface.dir/C_/Users/Umut/pico-sdk/lib/tinyusb/src/portable/raspberrypi/rp2040/dcd_rp2040.c.obj
                0x1000469c                dcd_sof_enable
 .text.dcd_edpt0_status_complete
                0x100046b8       0x1c CMakeFiles/citroen_can_interface.dir/C_/Users/Umut/pico-sdk/lib/tinyusb/src/portable/raspberrypi/rp2040/dcd_rp2040.c.obj
                0x100046b8                dcd_edpt0_status_complete
 .text.dcd_edpt_open
                0x100046d4      0x104 CMakeFiles/citroen_can_interface.dir/C_/Users/Umut/pico-sdk/lib/tinyusb/src/portable/raspberrypi/rp2040/dcd_rp2040.c.obj
                0x100046d4                dcd_edpt_open
 .text.dcd_edpt_close_all
                0x100047d8        0x4 CMakeFiles/citroen_can_interface.dir/C_/Users/Umut/pico-sdk/lib/tinyusb/src/portable/raspberrypi/rp2040/dcd_rp2040.c.obj
                0x100047d8                dcd_edpt_close_all
 .text.dcd_edpt_xfer
                0x100047dc       0x28 CMakeFiles/citroen_can_interface.dir/C_/Users/Umut/pico-sdk/lib/tinyusb/src/portable/raspberrypi/rp2040/dcd_rp2040.c.obj
                0x100047dc                dcd_edpt_xfer
 .text.dcd_edpt_stall
                0x10004804       0x30 CMakeFiles/citroen_can_interface.dir/C_/Users/Umut/pico-sdk/lib/tinyusb/src/portable/raspberrypi/rp2040/dcd_rp2040.c.obj
                0x10004804                dcd_edpt_stall
 .text.dcd_edpt_clear_stall
                0x10004834       0x2c CMakeFiles/citroen_can_interface.dir/C_/Users/Umut/pico-sdk/lib/tinyusb/src/portable/raspberrypi/rp2040/dcd_rp2040.c.obj
                0x10004834                dcd_edpt_clear_stall
 .text.rp2040_usb_init
                0x10004860       0x40 CMakeFiles/citroen_can_interface.dir/C_/Users/Umut/pico-sdk/lib/tinyusb/src/portable/raspberrypi/rp2040/rp2040_usb.c.obj
                0x10004860                rp2040_usb_init
 .text.hw_endpoint_xfer_start
                0x100048a0       0x4c CMakeFiles/citroen_can_interface.dir/C_/Users/Umut/pico-sdk/lib/tinyusb/src/portable/raspberrypi/rp2040/rp2040_usb.c.obj
                0x100048a0                hw_endpoint_xfer_start
 .text.configuration_reset
                0x100048ec       0x8c CMakeFiles/citroen_can_interface.dir/C_/Users/Umut/pico-sdk/lib/tinyusb/src/device/usbd.c.obj
 .text.tud_event_hook_cb
                0x10004978        0x4 CMakeFiles/citroen_can_interface.dir/C_/Users/Umut/pico-sdk/lib/tinyusb/src/device/usbd.c.obj
                0x10004978                tud_event_hook_cb
 .text.tud_sof_cb
                0x1000497c        0x4 CMakeFiles/citroen_can_interface.dir/C_/Users/Umut/pico-sdk/lib/tinyusb/src/device/usbd.c.obj
                0x1000497c                tud_sof_cb
 .text.tud_descriptor_device_qualifier_cb
                0x10004980        0x4 CMakeFiles/citroen_can_interface.dir/C_/Users/Umut/pico-sdk/lib/tinyusb/src/device/usbd.c.obj
                0x10004980                tud_descriptor_device_qualifier_cb
 .text.tud_descriptor_other_speed_configuration_cb
                0x10004984        0x4 CMakeFiles/citroen_can_interface.dir/C_/Users/Umut/pico-sdk/lib/tinyusb/src/device/usbd.c.obj
                0x10004984                tud_descriptor_other_speed_configuration_cb
 .text.tud_mount_cb
                0x10004988        0x4 CMakeFiles/citroen_can_interface.dir/C_/Users/Umut/pico-sdk/lib/tinyusb/src/device/usbd.c.obj
                0x10004988                tud_mount_cb
 .text.tud_umount_cb
                0x1000498c        0x4 CMakeFiles/citroen_can_interface.dir/C_/Users/Umut/pico-sdk/lib/tinyusb/src/device/usbd.c.obj
                0x1000498c                tud_umount_cb
 .text.tud_suspend_cb
                0x10004990        0x4 CMakeFiles/citroen_can_interface.dir/C_/Users/Umut/pico-sdk/lib/tinyusb/src/device/usbd.c.obj
                0x10004990                tud_suspend_cb
 .text.tud_resume_cb
                0x10004994        0x4 CMakeFiles/citroen_can_interface.dir/C_/Users/Umut/pico-sdk/lib/tinyusb/src/device/usbd.c.obj
                0x10004994                tud_resume_cb
 .text.tud_mounted
                0x10004998       0x10 CMakeFiles/citroen_can_interface.dir/C_/Users/Umut/pico-sdk/lib/tinyusb/src/device/usbd.c.obj
                0x10004998                tud_mounted
 .text.tud_suspended
                0x100049a8       0x10 CMakeFiles/citroen_can_interface.dir/C_/Users/Umut/pico-sdk/lib/tinyusb/src/device/usbd.c.obj
                0x100049a8                tud_suspended
 .text.tud_rhport_init
                0x100049b8      0x10c CMakeFiles/citroen_can_interface.dir/C_/Users/Umut/pico-sdk/lib/tinyusb/src/device/usbd.c.obj
                0x100049b8                tud_rhport_init
 .text.tud_task_ext
                0x10004ac4      0x778 CMakeFiles/citroen_can_interface.dir/C_/Users/Umut/pico-sdk/lib/tinyusb/src/device/usbd.c.obj
                0x10004ac4                tud_task_ext
 .text.usbd_open_edpt_pair
                0x1000523c       0x9c CMakeFiles/citroen_can_interface.dir/C_/Users/Umut/pico-sdk/lib/tinyusb/src/device/usbd.c.obj
                0x1000523c                usbd_open_edpt_pair
 .text.usbd_edpt_open
                0x100052d8       0x44 CMakeFiles/citroen_can_interface.dir/C_/Users/Umut/pico-sdk/lib/tinyusb/src/device/usbd.c.obj
                0x100052d8                usbd_edpt_open
 .text.usbd_edpt_claim
                0x1000531c       0x24 CMakeFiles/citroen_can_interface.dir/C_/Users/Umut/pico-sdk/lib/tinyusb/src/device/usbd.c.obj
                0x1000531c                usbd_edpt_claim
 .text.usbd_edpt_release
                0x10005340       0x24 CMakeFiles/citroen_can_interface.dir/C_/Users/Umut/pico-sdk/lib/tinyusb/src/device/usbd.c.obj
                0x10005340                usbd_edpt_release
 .text.usbd_edpt_xfer
                0x10005364       0x70 CMakeFiles/citroen_can_interface.dir/C_/Users/Umut/pico-sdk/lib/tinyusb/src/device/usbd.c.obj
                0x10005364                usbd_edpt_xfer
 .text.tud_control_status
                0x100053d4       0x34 CMakeFiles/citroen_can_interface.dir/C_/Users/Umut/pico-sdk/lib/tinyusb/src/device/usbd_control.c.obj
                0x100053d4                tud_control_status
 .text.tud_control_xfer
                0x10005408       0xcc CMakeFiles/citroen_can_interface.dir/C_/Users/Umut/pico-sdk/lib/tinyusb/src/device/usbd_control.c.obj
                0x10005408                tud_control_xfer
 .text.usbd_control_reset
                0x100054d4       0x14 CMakeFiles/citroen_can_interface.dir/C_/Users/Umut/pico-sdk/lib/tinyusb/src/device/usbd_control.c.obj
                0x100054d4                usbd_control_reset
 .text.usbd_control_set_complete_callback
                0x100054e8        0xc CMakeFiles/citroen_can_interface.dir/C_/Users/Umut/pico-sdk/lib/tinyusb/src/device/usbd_control.c.obj
                0x100054e8                usbd_control_set_complete_callback
 .text.usbd_control_set_request
                0x100054f4       0x1c CMakeFiles/citroen_can_interface.dir/C_/Users/Umut/pico-sdk/lib/tinyusb/src/device/usbd_control.c.obj
                0x100054f4                usbd_control_set_request
 .text.usbd_control_xfer_cb
                0x10005510      0x110 CMakeFiles/citroen_can_interface.dir/C_/Users/Umut/pico-sdk/lib/tinyusb/src/device/usbd_control.c.obj
                0x10005510                usbd_control_xfer_cb
 .text._prep_out_transaction.isra.0
                0x10005620       0x78 CMakeFiles/citroen_can_interface.dir/C_/Users/Umut/pico-sdk/lib/tinyusb/src/class/cdc/cdc_device.c.obj
 .text.tud_cdc_n_connected
                0x10005698       0x2c CMakeFiles/citroen_can_interface.dir/C_/Users/Umut/pico-sdk/lib/tinyusb/src/class/cdc/cdc_device.c.obj
                0x10005698                tud_cdc_n_connected
 .text.tud_cdc_n_available
                0x100056c4       0x18 CMakeFiles/citroen_can_interface.dir/C_/Users/Umut/pico-sdk/lib/tinyusb/src/class/cdc/cdc_device.c.obj
                0x100056c4                tud_cdc_n_available
 .text.tud_cdc_n_read
                0x100056dc       0x90 CMakeFiles/citroen_can_interface.dir/C_/Users/Umut/pico-sdk/lib/tinyusb/src/class/cdc/cdc_device.c.obj
                0x100056dc                tud_cdc_n_read
 .text.tud_cdc_n_write_flush
                0x1000576c       0x88 CMakeFiles/citroen_can_interface.dir/C_/Users/Umut/pico-sdk/lib/tinyusb/src/class/cdc/cdc_device.c.obj
                0x1000576c                tud_cdc_n_write_flush
 .text.tud_cdc_n_write
                0x100057f4       0x48 CMakeFiles/citroen_can_interface.dir/C_/Users/Umut/pico-sdk/lib/tinyusb/src/class/cdc/cdc_device.c.obj
                0x100057f4                tud_cdc_n_write
 .text.tud_cdc_n_write_available
                0x1000583c       0x18 CMakeFiles/citroen_can_interface.dir/C_/Users/Umut/pico-sdk/lib/tinyusb/src/class/cdc/cdc_device.c.obj
                0x1000583c                tud_cdc_n_write_available
 .text.cdcd_init
                0x10005854       0x70 CMakeFiles/citroen_can_interface.dir/C_/Users/Umut/pico-sdk/lib/tinyusb/src/class/cdc/cdc_device.c.obj
                0x10005854                cdcd_init
 .text.cdcd_deinit
                0x100058c4       0x20 CMakeFiles/citroen_can_interface.dir/C_/Users/Umut/pico-sdk/lib/tinyusb/src/class/cdc/cdc_device.c.obj
                0x100058c4                cdcd_deinit
 .text.cdcd_reset
                0x100058e4       0x4c CMakeFiles/citroen_can_interface.dir/C_/Users/Umut/pico-sdk/lib/tinyusb/src/class/cdc/cdc_device.c.obj
                0x100058e4                cdcd_reset
 .text.cdcd_open
                0x10005930       0xbc CMakeFiles/citroen_can_interface.dir/C_/Users/Umut/pico-sdk/lib/tinyusb/src/class/cdc/cdc_device.c.obj
                0x10005930                cdcd_open
 .text.cdcd_control_xfer_cb
                0x100059ec       0xc8 CMakeFiles/citroen_can_interface.dir/C_/Users/Umut/pico-sdk/lib/tinyusb/src/class/cdc/cdc_device.c.obj
                0x100059ec                cdcd_control_xfer_cb
 .text.cdcd_xfer_cb
                0x10005ab4      0x100 CMakeFiles/citroen_can_interface.dir/C_/Users/Umut/pico-sdk/lib/tinyusb/src/class/cdc/cdc_device.c.obj
                0x10005ab4                cdcd_xfer_cb
 .text.tusb_rhport_init
                0x10005bb4       0x74 CMakeFiles/citroen_can_interface.dir/C_/Users/Umut/pico-sdk/lib/tinyusb/src/tusb.c.obj
                0x10005bb4                tusb_rhport_init
 .text.tu_edpt_claim
                0x10005c28       0x54 CMakeFiles/citroen_can_interface.dir/C_/Users/Umut/pico-sdk/lib/tinyusb/src/tusb.c.obj
                0x10005c28                tu_edpt_claim
 .text.tu_edpt_release
                0x10005c7c       0x38 CMakeFiles/citroen_can_interface.dir/C_/Users/Umut/pico-sdk/lib/tinyusb/src/tusb.c.obj
                0x10005c7c                tu_edpt_release
 .text.tu_edpt_validate
                0x10005cb4       0x68 CMakeFiles/citroen_can_interface.dir/C_/Users/Umut/pico-sdk/lib/tinyusb/src/tusb.c.obj
                0x10005cb4                tu_edpt_validate
 .text.tu_edpt_bind_driver
                0x10005d1c       0x58 CMakeFiles/citroen_can_interface.dir/C_/Users/Umut/pico-sdk/lib/tinyusb/src/tusb.c.obj
                0x10005d1c                tu_edpt_bind_driver
 .text.tu_fifo_config
                0x10005d74       0x64 CMakeFiles/citroen_can_interface.dir/C_/Users/Umut/pico-sdk/lib/tinyusb/src/common/tusb_fifo.c.obj
                0x10005d74                tu_fifo_config
 .text.tu_fifo_count
                0x10005dd8       0x20 CMakeFiles/citroen_can_interface.dir/C_/Users/Umut/pico-sdk/lib/tinyusb/src/common/tusb_fifo.c.obj
                0x10005dd8                tu_fifo_count
 .text.tu_fifo_empty
                0x10005df8       0x14 CMakeFiles/citroen_can_interface.dir/C_/Users/Umut/pico-sdk/lib/tinyusb/src/common/tusb_fifo.c.obj
                0x10005df8                tu_fifo_empty
 .text.tu_fifo_remaining
                0x10005e0c       0x24 CMakeFiles/citroen_can_interface.dir/C_/Users/Umut/pico-sdk/lib/tinyusb/src/common/tusb_fifo.c.obj
                0x10005e0c                tu_fifo_remaining
 .text.tu_fifo_read
                0x10005e30       0x94 CMakeFiles/citroen_can_interface.dir/C_/Users/Umut/pico-sdk/lib/tinyusb/src/common/tusb_fifo.c.obj
                0x10005e30                tu_fifo_read
 .text.tu_fifo_read_n
                0x10005ec4       0xd4 CMakeFiles/citroen_can_interface.dir/C_/Users/Umut/pico-sdk/lib/tinyusb/src/common/tusb_fifo.c.obj
                0x10005ec4                tu_fifo_read_n
 .text.tu_fifo_write
                0x10005f98       0x84 CMakeFiles/citroen_can_interface.dir/C_/Users/Umut/pico-sdk/lib/tinyusb/src/common/tusb_fifo.c.obj
                0x10005f98                tu_fifo_write
 .text.tu_fifo_write_n
                0x1000601c      0x15c CMakeFiles/citroen_can_interface.dir/C_/Users/Umut/pico-sdk/lib/tinyusb/src/common/tusb_fifo.c.obj
                0x1000601c                tu_fifo_write_n
 .text.tu_fifo_clear
                0x10006178       0x38 CMakeFiles/citroen_can_interface.dir/C_/Users/Umut/pico-sdk/lib/tinyusb/src/common/tusb_fifo.c.obj
                0x10006178                tu_fifo_clear
 .text.tu_fifo_set_overwritable
                0x100061b0       0x3c CMakeFiles/citroen_can_interface.dir/C_/Users/Umut/pico-sdk/lib/tinyusb/src/common/tusb_fifo.c.obj
                0x100061b0                tu_fifo_set_overwritable
 .text.spi_init
                0x100061ec       0xf4 CMakeFiles/citroen_can_interface.dir/C_/Users/Umut/pico-sdk/src/rp2_common/hardware_spi/spi.c.obj
                0x100061ec                spi_init
 .text.strlen   0x100062e0       0x5c c:/progra~1/raspbe~1/picosd~1.1/gcc-ar~1/bin/../lib/gcc/arm-none-eabi/10.3.1/../../../../arm-none-eabi/lib/thumb/v8-m.main+fp/softfp\libg.a(lib_a-strlen-stub.o)
                0x100062e0                strlen
 *fill*         0x1000633c        0x4 
 .text.strlen.__stub
                0x10006340      0x100 linker stubs
 *(.fini)
 *crtbegin.o(.ctors)
 *crtbegin?.o(.ctors)
 *(EXCLUDE_FILE(*crtend.o *crtend?.o) .ctors)
 *(SORT_BY_NAME(.ctors.*))
 *(.ctors)
 *crtbegin.o(.dtors)
 *crtbegin?.o(.dtors)
 *(EXCLUDE_FILE(*crtend.o *crtend?.o) .dtors)
 *(SORT_BY_NAME(.dtors.*))
 *(.dtors)
                0x10006440                . = ALIGN (0x4)
                [!provide]                PROVIDE (__bothinit_array_start = .)
                0x10006440                PROVIDE (__preinit_array_start = .)
 *(SORT_BY_NAME(.preinit_array.*))
 .preinit_array.00050
                0x10006440        0x4 CMakeFiles/citroen_can_interface.dir/C_/Users/Umut/pico-sdk/src/rp2_common/pico_runtime_init/runtime_init.c.obj
                0x10006440                __pre_init_runtime_init_bootrom_reset
 .preinit_array.00100
                0x10006444        0x4 CMakeFiles/citroen_can_interface.dir/C_/Users/Umut/pico-sdk/src/rp2_common/pico_runtime_init/runtime_init.c.obj
                0x10006444                __pre_init_runtime_init_early_resets
 .preinit_array.00101
                0x10006448        0x4 CMakeFiles/citroen_can_interface.dir/C_/Users/Umut/pico-sdk/src/rp2_common/pico_runtime_init/runtime_init.c.obj
                0x10006448                __pre_init_runtime_init_usb_power_down
 .preinit_array.00500
                0x1000644c        0x4 CMakeFiles/citroen_can_interface.dir/C_/Users/Umut/pico-sdk/src/rp2_common/pico_runtime_init/runtime_init.c.obj
                0x1000644c                __pre_init_runtime_init_clocks
 .preinit_array.00600
                0x10006450        0x4 CMakeFiles/citroen_can_interface.dir/C_/Users/Umut/pico-sdk/src/rp2_common/pico_runtime_init/runtime_init.c.obj
                0x10006450                __pre_init_runtime_init_post_clock_resets
 .preinit_array.01000
                0x10006454        0x4 CMakeFiles/citroen_can_interface.dir/C_/Users/Umut/pico-sdk/src/rp2_common/hardware_boot_lock/boot_lock.c.obj
                0x10006454                __pre_init_runtime_init_boot_locks_reset
 .preinit_array.01000
                0x10006458        0x4 CMakeFiles/citroen_can_interface.dir/C_/Users/Umut/pico-sdk/src/rp2_common/pico_runtime_init/runtime_init.c.obj
                0x10006458                __pre_init_runtime_init_spin_locks_reset
 .preinit_array.01010
                0x1000645c        0x4 CMakeFiles/citroen_can_interface.dir/C_/Users/Umut/pico-sdk/src/rp2_common/pico_bootrom/bootrom_lock.c.obj
                0x1000645c                __pre_init_runtime_init_bootrom_locking_enable
 .preinit_array.01100
                0x10006460        0x4 CMakeFiles/citroen_can_interface.dir/C_/Users/Umut/pico-sdk/src/common/pico_sync/mutex.c.obj
                0x10006460                __pre_init_runtime_init_mutex
 .preinit_array.10080
                0x10006464        0x4 CMakeFiles/citroen_can_interface.dir/C_/Users/Umut/pico-sdk/src/rp2_common/pico_runtime_init/runtime_init.c.obj
                0x10006464                __pre_init_runtime_init_install_ram_vector_table
 .preinit_array.11000
                0x10006468        0x4 CMakeFiles/citroen_can_interface.dir/C_/Users/Umut/pico-sdk/src/common/pico_time/time.c.obj
                0x10006468                __pre_init_runtime_init_default_alarm_pool
 .preinit_array.YYYYY
                0x1000646c        0x4 CMakeFiles/citroen_can_interface.dir/C_/Users/Umut/pico-sdk/src/rp2_common/pico_runtime/runtime.c.obj
                0x1000646c                __pre_init_first_per_core_initializer
 .preinit_array.ZZZZZ.00051
                0x10006470        0x4 CMakeFiles/citroen_can_interface.dir/C_/Users/Umut/pico-sdk/src/rp2_common/pico_runtime_init/runtime_init.c.obj
                0x10006470                __pre_init_runtime_init_per_core_bootrom_reset
 .preinit_array.ZZZZZ.00200
                0x10006474        0x4 CMakeFiles/citroen_can_interface.dir/C_/Users/Umut/pico-sdk/src/rp2_common/pico_runtime_init/runtime_init.c.obj
                0x10006474                __pre_init_runtime_init_per_core_enable_coprocessors
 .preinit_array.ZZZZZ.01000
                0x10006478        0x4 CMakeFiles/citroen_can_interface.dir/C_/Users/Umut/pico-sdk/src/rp2_common/hardware_sync_spin_lock/sync_spin_lock.c.obj
                0x10006478                __pre_init_spinlock_set_extexclall
 .preinit_array.ZZZZZ.01200
                0x1000647c        0x4 CMakeFiles/citroen_can_interface.dir/C_/Users/Umut/pico-sdk/src/rp2_common/hardware_irq/irq.c.obj
                0x1000647c                __pre_init_runtime_init_per_core_irq_priorities
 *(.preinit_array)
                0x10006480                PROVIDE (__preinit_array_end = .)
                0x10006480                . = ALIGN (0x4)
                0x10006480                PROVIDE (__init_array_start = .)
 *(SORT_BY_NAME(.init_array.*))
 .init_array.01000
                0x10006480        0x4 CMakeFiles/citroen_can_interface.dir/C_/Users/Umut/pico-sdk/src/rp2_common/pico_unique_id/unique_id.c.obj
 *(.init_array)
                0x10006484                PROVIDE (__init_array_end = .)
                [!provide]                PROVIDE (__bothinit_array_end = .)
                0x10006484                . = ALIGN (0x4)
                [!provide]                PROVIDE (__fini_array_start = .)
 *(SORT_BY_NAME(.fini_array.*))
 *(.fini_array)
                [!provide]                PROVIDE (__fini_array_end = .)
                [!provide]                PROVIDE (__dso_handle = 0x0)
 *(.eh_frame*)
                0x10006484                . = ALIGN (0x4)

.glue_7         0x10006484        0x0
 .glue_7        0x10006484        0x0 linker stubs

.glue_7t        0x10006484        0x0
 .glue_7t       0x10006484        0x0 linker stubs

.vfp11_veneer   0x10006484        0x0
 .vfp11_veneer  0x10006484        0x0 linker stubs

.v4_bx          0x10006484        0x0
 .v4_bx         0x10006484        0x0 linker stubs

.iplt           0x10006484        0x0
 .iplt          0x10006484        0x0 CMakeFiles/citroen_can_interface.dir/src/main.cpp.obj

.boot2          0x10006484        0x0
                0x10006484                __boot2_start__ = .
 *(.boot2)
                0x10006484                __boot2_end__ = .
                0x00000001                ASSERT (((__boot2_end__ - __boot2_start__) <= 0x100), ERROR: Pico second stage bootloader must be no more than 256 bytes in size)

.rodata         0x10006488      0x530
 *(EXCLUDE_FILE(*libm.a: *lib*_a-mem*.o *libc.a: *libgcc.a:) .rodata*)
 .rodata.main.str1.4
                0x10006488       0xf7 CMakeFiles/citroen_can_interface.dir/src/main.cpp.obj
 *fill*         0x1000657f        0x1 
 .rodata        0x10006580       0x26 CMakeFiles/citroen_can_interface.dir/src/main.cpp.obj
 *fill*         0x100065a6        0x2 
 .rodata._ZN3psaL12kCnf8MHz125kE
                0x100065a8        0x3 CMakeFiles/citroen_can_interface.dir/src/mcp2515.cpp.obj
 *fill*         0x100065ab        0x1 
 .rodata._ZN3psaL12kCnf8MHz500kE
                0x100065ac        0x3 CMakeFiles/citroen_can_interface.dir/src/mcp2515.cpp.obj
 *fill*         0x100065af        0x1 
 .rodata._ZZN3psa7Mcp251517setSnifferFiltersEvE4filt
                0x100065b0        0x6 CMakeFiles/citroen_can_interface.dir/src/mcp2515.cpp.obj
 *fill*         0x100065b6        0x2 
 .rodata.panic.str1.4
                0x100065b8       0x10 CMakeFiles/citroen_can_interface.dir/C_/Users/Umut/pico-sdk/src/rp2_common/pico_platform_panic/panic.c.obj
                                 0x11 (size before relaxing)
 .rodata.spin_lock_claim_unused.str1.4
                0x100065c8       0x1b CMakeFiles/citroen_can_interface.dir/C_/Users/Umut/pico-sdk/src/rp2_common/hardware_sync/sync.c.obj
 *fill*         0x100065e3        0x1 
 .rodata.user_irq_claim_unused.str1.4
                0x100065e4       0x1b CMakeFiles/citroen_can_interface.dir/C_/Users/Umut/pico-sdk/src/rp2_common/hardware_irq/irq.c.obj
 *fill*         0x100065ff        0x1 
 .rodata.timer_hardware_alarm_claim.str1.4
                0x10006600       0x22 CMakeFiles/citroen_can_interface.dir/C_/Users/Umut/pico-sdk/src/rp2_common/hardware_timer/timer.c.obj
 *fill*         0x10006622        0x2 
 .rodata.hard_assertion_failure.str1.4
                0x10006624        0xc CMakeFiles/citroen_can_interface.dir/C_/Users/Umut/pico-sdk/src/rp2_common/pico_runtime/runtime.c.obj
 .rodata.str1.4
                0x10006630       0x4c CMakeFiles/citroen_can_interface.dir/C_/Users/Umut/pico-sdk/src/rp2_common/pico_standard_binary_info/standard_binary_info.c.obj
 .rodata.__bi_26
                0x1000667c        0xc CMakeFiles/citroen_can_interface.dir/C_/Users/Umut/pico-sdk/src/rp2_common/pico_standard_binary_info/standard_binary_info.c.obj
 .rodata.__bi_34
                0x10006688        0xc CMakeFiles/citroen_can_interface.dir/C_/Users/Umut/pico-sdk/src/rp2_common/pico_standard_binary_info/standard_binary_info.c.obj
 .rodata.__bi_42
                0x10006694        0xc CMakeFiles/citroen_can_interface.dir/C_/Users/Umut/pico-sdk/src/rp2_common/pico_standard_binary_info/standard_binary_info.c.obj
 .rodata.__bi_48
                0x100066a0        0xc CMakeFiles/citroen_can_interface.dir/C_/Users/Umut/pico-sdk/src/rp2_common/pico_standard_binary_info/standard_binary_info.c.obj
 .rodata.__bi_54
                0x100066ac        0xc CMakeFiles/citroen_can_interface.dir/C_/Users/Umut/pico-sdk/src/rp2_common/pico_standard_binary_info/standard_binary_info.c.obj
 .rodata.__bi_78
                0x100066b8        0xc CMakeFiles/citroen_can_interface.dir/C_/Users/Umut/pico-sdk/src/rp2_common/pico_standard_binary_info/standard_binary_info.c.obj
 .rodata.__bi_84
                0x100066c4        0xc CMakeFiles/citroen_can_interface.dir/C_/Users/Umut/pico-sdk/src/rp2_common/pico_standard_binary_info/standard_binary_info.c.obj
 .rodata._ftoa.str1.4
                0x100066d0       0x15 CMakeFiles/citroen_can_interface.dir/C_/Users/Umut/pico-sdk/src/rp2_common/pico_printf/printf.c.obj
 *fill*         0x100066e5        0x3 
 .rodata.pow10.0
                0x100066e8       0x50 CMakeFiles/citroen_can_interface.dir/C_/Users/Umut/pico-sdk/src/rp2_common/pico_printf/printf.c.obj
 .rodata.crlf_str.0
                0x10006738        0x2 CMakeFiles/citroen_can_interface.dir/C_/Users/Umut/pico-sdk/src/rp2_common/pico_stdio/stdio.c.obj
 *fill*         0x1000673a        0x2 
 .rodata.str1.4
                0x1000673c       0x2c CMakeFiles/citroen_can_interface.dir/C_/Users/Umut/pico-sdk/src/rp2_common/pico_stdio_uart/stdio_uart.c.obj
 .rodata.__bi_45.4
                0x10006768        0xc CMakeFiles/citroen_can_interface.dir/C_/Users/Umut/pico-sdk/src/rp2_common/pico_stdio_uart/stdio_uart.c.obj
 .rodata.__bi_49.5
                0x10006774        0x8 CMakeFiles/citroen_can_interface.dir/C_/Users/Umut/pico-sdk/src/rp2_common/pico_stdio_uart/stdio_uart.c.obj
 .rodata.__bi_50.6
                0x1000677c        0x8 CMakeFiles/citroen_can_interface.dir/C_/Users/Umut/pico-sdk/src/rp2_common/pico_stdio_uart/stdio_uart.c.obj
 .rodata.str1.4
                0x10006784       0x13 CMakeFiles/citroen_can_interface.dir/C_/Users/Umut/pico-sdk/src/rp2_common/pico_stdio_usb/stdio_usb.c.obj
 *fill*         0x10006797        0x1 
 .rodata.__bi_204.0
                0x10006798        0xc CMakeFiles/citroen_can_interface.dir/C_/Users/Umut/pico-sdk/src/rp2_common/pico_stdio_usb/stdio_usb.c.obj
 .rodata.str1.4
                0x100067a4       0x2a CMakeFiles/citroen_can_interface.dir/C_/Users/Umut/pico-sdk/src/rp2_common/pico_stdio_usb/stdio_usb_descriptors.c.obj
 *fill*         0x100067ce        0x2 
 .rodata.usbd_desc_cfg
                0x100067d0       0x54 CMakeFiles/citroen_can_interface.dir/C_/Users/Umut/pico-sdk/src/rp2_common/pico_stdio_usb/stdio_usb_descriptors.c.obj
 .rodata.usbd_desc_device
                0x10006824       0x12 CMakeFiles/citroen_can_interface.dir/C_/Users/Umut/pico-sdk/src/rp2_common/pico_stdio_usb/stdio_usb_descriptors.c.obj
 *fill*         0x10006836        0x2 
 .rodata.usbd_desc_str
                0x10006838       0x18 CMakeFiles/citroen_can_interface.dir/C_/Users/Umut/pico-sdk/src/rp2_common/pico_stdio_usb/stdio_usb_descriptors.c.obj
 .rodata.desc_bos
                0x10006850       0x21 CMakeFiles/citroen_can_interface.dir/C_/Users/Umut/pico-sdk/src/rp2_common/pico_usb_reset/usb_reset.c.obj
                0x10006850                desc_bos
 *fill*         0x10006871        0x3 
 .rodata.desc_ms_os_20
                0x10006874       0xa6 CMakeFiles/citroen_can_interface.dir/C_/Users/Umut/pico-sdk/src/rp2_common/pico_usb_reset/usb_reset.c.obj
 *fill*         0x1000691a        0x2 
 .rodata.usb_reset_interface_driver
                0x1000691c       0x20 CMakeFiles/citroen_can_interface.dir/C_/Users/Umut/pico-sdk/src/rp2_common/pico_usb_reset/usb_reset.c.obj
 .rodata.str1.4
                0x1000693c       0x14 CMakeFiles/citroen_can_interface.dir/C_/Users/Umut/pico-sdk/lib/tinyusb/src/portable/raspberrypi/rp2040/dcd_rp2040.c.obj
 .rodata.str1.4
                0x10006950       0x48 CMakeFiles/citroen_can_interface.dir/C_/Users/Umut/pico-sdk/lib/tinyusb/src/portable/raspberrypi/rp2040/rp2040_usb.c.obj
 .rodata._usbd_driver
                0x10006998       0x20 CMakeFiles/citroen_can_interface.dir/C_/Users/Umut/pico-sdk/lib/tinyusb/src/device/usbd.c.obj
 *(.srodata*)
                0x100069b8                . = ALIGN (0x4)
 *(SORT_BY_ALIGNMENT(SORT_BY_NAME(.flashdata*)))
                0x100069b8                . = ALIGN (0x4)

.ARM.extab
 *(.ARM.extab* .gnu.linkonce.armextab.*)
                0x100069b8                __exidx_start = .

.ARM.exidx      0x100069b8        0x8
 *(.ARM.exidx* .gnu.linkonce.armexidx.*)
 .ARM.exidx     0x100069b8        0x8 c:/progra~1/raspbe~1/picosd~1.1/gcc-ar~1/bin/../lib/gcc/arm-none-eabi/10.3.1/thumb/v8-m.main+fp/softfp\libgcc.a(_udivmoddi4.o)
                0x100069c0                __exidx_end = .
                0x100069c0                . = ALIGN (0x4)
                0x100069c0                __binary_info_start = .

.binary_info    0x100069c0       0x2c
 *(.binary_info.keep.*)
 .binary_info.keep.__bi_ptr26
                0x100069c0        0x4 CMakeFiles/citroen_can_interface.dir/C_/Users/Umut/pico-sdk/src/rp2_common/pico_standard_binary_info/standard_binary_info.c.obj
 .binary_info.keep.__bi_ptr34
                0x100069c4        0x4 CMakeFiles/citroen_can_interface.dir/C_/Users/Umut/pico-sdk/src/rp2_common/pico_standard_binary_info/standard_binary_info.c.obj
 .binary_info.keep.__bi_ptr42
                0x100069c8        0x4 CMakeFiles/citroen_can_interface.dir/C_/Users/Umut/pico-sdk/src/rp2_common/pico_standard_binary_info/standard_binary_info.c.obj
 .binary_info.keep.__bi_ptr48
                0x100069cc        0x4 CMakeFiles/citroen_can_interface.dir/C_/Users/Umut/pico-sdk/src/rp2_common/pico_standard_binary_info/standard_binary_info.c.obj
 .binary_info.keep.__bi_ptr54
                0x100069d0        0x4 CMakeFiles/citroen_can_interface.dir/C_/Users/Umut/pico-sdk/src/rp2_common/pico_standard_binary_info/standard_binary_info.c.obj
 .binary_info.keep.__bi_ptr78
                0x100069d4        0x4 CMakeFiles/citroen_can_interface.dir/C_/Users/Umut/pico-sdk/src/rp2_common/pico_standard_binary_info/standard_binary_info.c.obj
 .binary_info.keep.__bi_ptr84
                0x100069d8        0x4 CMakeFiles/citroen_can_interface.dir/C_/Users/Umut/pico-sdk/src/rp2_common/pico_standard_binary_info/standard_binary_info.c.obj
 *(.binary_info.*)
 .binary_info.__bi_ptr45
                0x100069dc        0x4 CMakeFiles/citroen_can_interface.dir/C_/Users/Umut/pico-sdk/src/rp2_common/pico_stdio_uart/stdio_uart.c.obj
 .binary_info.__bi_ptr49
                0x100069e0        0x4 CMakeFiles/citroen_can_interface.dir/C_/Users/Umut/pico-sdk/src/rp2_common/pico_stdio_uart/stdio_uart.c.obj
 .binary_info.__bi_ptr50
                0x100069e4        0x4 CMakeFiles/citroen_can_interface.dir/C_/Users/Umut/pico-sdk/src/rp2_common/pico_stdio_uart/stdio_uart.c.obj
 .binary_info.__bi_ptr204
                0x100069e8        0x4 CMakeFiles/citroen_can_interface.dir/C_/Users/Umut/pico-sdk/src/rp2_common/pico_stdio_usb/stdio_usb.c.obj
                0x100069ec                __binary_info_end = .
                0x100069ec                . = ALIGN (0x4)

.psram_load     0x11000000        0x0 load address 0x100069ec
                0x11000000                __psram_start__ = .
                0x11000000                __psram_load_start__ = .
 *(SORT_BY_NAME(.psram_initialised.*))
                0x11000000                . = ALIGN (0x4)
                0x11000000                __psram_load_end__ = .
                0x100069ec                __psram_load_source__ = LOADADDR (.psram_load)

.psram_noload   0x11000000        0x0 load address 0x100069ec
 *(SORT_BY_NAME(.psram_uninitialised.*))
                0x11000000                . = ALIGN (0x4)
                0x11000000                __psram_end__ = .

.xip_ram        0x13ffc000        0x0 load address 0x100069ec
                0x13ffc000                __xip_ram_start__ = .
                0x13ffc000                . = ALIGN (0x4)
 *(.xip_ram*)
                0x13ffc000                . = ALIGN (0x4)
                0x13ffc000                __xip_ram_end__ = .
                0x100069ec                __xip_ram_source__ = LOADADDR (.xip_ram)

.ram_vector_table
                0x20000000      0x110
 *(.ram_vector_table)
 .ram_vector_table
                0x20000000      0x110 CMakeFiles/citroen_can_interface.dir/C_/Users/Umut/pico-sdk/src/rp2_common/pico_runtime_init/runtime_init.c.obj
                0x20000000                ram_vector_table

.uninitialized_data
                0x20000110        0x0
                0x20000110                . = ALIGN (0x4)
 *(.uninitialized_data*)

.data           0x20000110     0x16c8 load address 0x100069ec
                0x20000110                __data_start__ = .
 *(vtable)
 *(.time_critical*)
 .time_critical.mutex_try_enter
                0x20000110       0x54 CMakeFiles/citroen_can_interface.dir/C_/Users/Umut/pico-sdk/src/common/pico_sync/mutex.c.obj
                0x20000110                mutex_try_enter
 .time_critical.mutex_enter_block_until
                0x20000164       0x94 CMakeFiles/citroen_can_interface.dir/C_/Users/Umut/pico-sdk/src/common/pico_sync/mutex.c.obj
                0x20000164                mutex_enter_block_until
 .time_critical.mutex_try_enter_block_until
                0x200001f8       0x34 CMakeFiles/citroen_can_interface.dir/C_/Users/Umut/pico-sdk/src/common/pico_sync/mutex.c.obj
                0x200001f8                mutex_try_enter_block_until
 .time_critical.mutex_enter_timeout_ms
                0x2000022c       0x2c CMakeFiles/citroen_can_interface.dir/C_/Users/Umut/pico-sdk/src/common/pico_sync/mutex.c.obj
                0x2000022c                mutex_enter_timeout_ms
 .time_critical.mutex_exit
                0x20000258       0x48 CMakeFiles/citroen_can_interface.dir/C_/Users/Umut/pico-sdk/src/common/pico_sync/mutex.c.obj
                0x20000258                mutex_exit
 .time_critical.reset_non_control_endpoints
                0x200002a0       0x64 CMakeFiles/citroen_can_interface.dir/C_/Users/Umut/pico-sdk/lib/tinyusb/src/portable/raspberrypi/rp2040/dcd_rp2040.c.obj
 .time_critical.hw_handle_buff_status
                0x20000304       0xa0 CMakeFiles/citroen_can_interface.dir/C_/Users/Umut/pico-sdk/lib/tinyusb/src/portable/raspberrypi/rp2040/dcd_rp2040.c.obj
 .time_critical.dcd_rp2040_irq
                0x200003a4      0x4f8 CMakeFiles/citroen_can_interface.dir/C_/Users/Umut/pico-sdk/lib/tinyusb/src/portable/raspberrypi/rp2040/dcd_rp2040.c.obj
 .time_critical.prepare_ep_buffer
                0x2000089c       0xc8 CMakeFiles/citroen_can_interface.dir/C_/Users/Umut/pico-sdk/lib/tinyusb/src/portable/raspberrypi/rp2040/rp2040_usb.c.obj
 .time_critical.sync_ep_buffer
                0x20000964       0xb8 CMakeFiles/citroen_can_interface.dir/C_/Users/Umut/pico-sdk/lib/tinyusb/src/portable/raspberrypi/rp2040/rp2040_usb.c.obj
 .time_critical._hw_endpoint_xfer_sync
                0x20000a1c       0x2c CMakeFiles/citroen_can_interface.dir/C_/Users/Umut/pico-sdk/lib/tinyusb/src/portable/raspberrypi/rp2040/rp2040_usb.c.obj
 .time_critical.e15_is_bulkin_ep
                0x20000a48       0x28 CMakeFiles/citroen_can_interface.dir/C_/Users/Umut/pico-sdk/lib/tinyusb/src/portable/raspberrypi/rp2040/rp2040_usb.c.obj
 .time_critical.e15_is_critical_frame_period
                0x20000a70       0x28 CMakeFiles/citroen_can_interface.dir/C_/Users/Umut/pico-sdk/lib/tinyusb/src/portable/raspberrypi/rp2040/rp2040_usb.c.obj
 .time_critical.hw_endpoint_reset_transfer
                0x20000a98        0xc CMakeFiles/citroen_can_interface.dir/C_/Users/Umut/pico-sdk/lib/tinyusb/src/portable/raspberrypi/rp2040/rp2040_usb.c.obj
                0x20000a98                hw_endpoint_reset_transfer
 .time_critical._hw_endpoint_buffer_control_update32
                0x20000aa4       0x44 CMakeFiles/citroen_can_interface.dir/C_/Users/Umut/pico-sdk/lib/tinyusb/src/portable/raspberrypi/rp2040/rp2040_usb.c.obj
                0x20000aa4                _hw_endpoint_buffer_control_update32
 .time_critical.hw_endpoint_start_next_buffer
                0x20000ae8       0x64 CMakeFiles/citroen_can_interface.dir/C_/Users/Umut/pico-sdk/lib/tinyusb/src/portable/raspberrypi/rp2040/rp2040_usb.c.obj
                0x20000ae8                hw_endpoint_start_next_buffer
 .time_critical.hw_endpoint_xfer_continue
                0x20000b4c       0x40 CMakeFiles/citroen_can_interface.dir/C_/Users/Umut/pico-sdk/lib/tinyusb/src/portable/raspberrypi/rp2040/rp2040_usb.c.obj
                0x20000b4c                hw_endpoint_xfer_continue
 .time_critical.tinyusb
                0x20000b8c      0x214 CMakeFiles/citroen_can_interface.dir/C_/Users/Umut/pico-sdk/lib/tinyusb/src/device/usbd.c.obj
                0x20000b8c                dcd_event_handler
 .time_critical.spi_write_blocking
                0x20000da0       0x90 CMakeFiles/citroen_can_interface.dir/C_/Users/Umut/pico-sdk/src/rp2_common/hardware_spi/spi.c.obj
                0x20000da0                spi_write_blocking
 .time_critical.spi_read_blocking
                0x20000e30       0x50 CMakeFiles/citroen_can_interface.dir/C_/Users/Umut/pico-sdk/src/rp2_common/hardware_spi/spi.c.obj
                0x20000e30                spi_read_blocking
 *(.text*)
 .text          0x20000e80      0x378 c:/progra~1/raspbe~1/picosd~1.1/gcc-ar~1/bin/../lib/gcc/arm-none-eabi/10.3.1/thumb/v8-m.main+fp/softfp\libgcc.a(_arm_addsubdf3.o)
                0x20000e80                __aeabi_drsub
                0x20000e88                __aeabi_dsub
                0x20000e88                __subdf3
                0x20000e8c                __aeabi_dadd
                0x20000e8c                __adddf3
                0x20001104                __floatunsidf
                0x20001104                __aeabi_ui2d
                0x20001124                __floatsidf
                0x20001124                __aeabi_i2d
                0x20001148                __aeabi_f2d
                0x20001148                __extendsfdf2
                0x2000118c                __floatundidf
                0x2000118c                __aeabi_ul2d
                0x2000119c                __floatdidf
                0x2000119c                __aeabi_l2d
 .text          0x200011f8       0x30 c:/progra~1/raspbe~1/picosd~1.1/gcc-ar~1/bin/../lib/gcc/arm-none-eabi/10.3.1/thumb/v8-m.main+fp/softfp\libgcc.a(_aeabi_uldivmod.o)
                0x200011f8                __aeabi_uldivmod
 .text          0x20001228      0x2ec c:/progra~1/raspbe~1/picosd~1.1/gcc-ar~1/bin/../lib/gcc/arm-none-eabi/10.3.1/thumb/v8-m.main+fp/softfp\libgcc.a(_udivmoddi4.o)
                0x20001228                __udivmoddi4
 .text          0x20001514        0x4 c:/progra~1/raspbe~1/picosd~1.1/gcc-ar~1/bin/../lib/gcc/arm-none-eabi/10.3.1/thumb/v8-m.main+fp/softfp\libgcc.a(_dvmd_tls.o)
                0x20001514                __aeabi_idiv0
                0x20001514                __aeabi_ldiv0
 .text          0x20001518       0xec c:/progra~1/raspbe~1/picosd~1.1/gcc-ar~1/bin/../lib/gcc/arm-none-eabi/10.3.1/../../../../arm-none-eabi/lib/thumb/v8-m.main+fp/softfp\libg.a(lib_a-memcpy.o)
                0x20001518                memcpy
 .text.memset   0x20001604       0xa4 c:/progra~1/raspbe~1/picosd~1.1/gcc-ar~1/bin/../lib/gcc/arm-none-eabi/10.3.1/../../../../arm-none-eabi/lib/thumb/v8-m.main+fp/softfp\libg.a(lib_a-memset.o)
                0x20001604                memset
 .text.memset.__stub
                0x200016a8       0x50 linker stubs
                0x200016f8                . = ALIGN (0x4)
 *(.rodata*)
                0x200016f8                . = ALIGN (0x4)
                0x200016f8                PROVIDE (__emutls_array_start = .)
 *(.*.__emutls_v.*)
                0x200016f8                PROVIDE (__emutls_array_end = .)
                0x200016f8                . = ALIGN (0x4)
 *(.data*)
 .data.striped_spin_lock_num
                0x200016f8        0x1 CMakeFiles/citroen_can_interface.dir/C_/Users/Umut/pico-sdk/src/rp2_common/hardware_sync/sync.c.obj
 *fill*         0x200016f9        0x3 
 .data          0x200016fc       0x60 CMakeFiles/citroen_can_interface.dir/C_/Users/Umut/pico-sdk/src/rp2_common/hardware_irq/irq_handler_chain.S.obj
                0x200016fc                irq_handler_chain_slots
                0x20001744                irq_handler_chain_first_slot
                0x2000174e                irq_handler_chain_remove_tail
 .data.default_alarm_pool
                0x2000175c       0x18 CMakeFiles/citroen_can_interface.dir/C_/Users/Umut/pico-sdk/src/common/pico_time/time.c.obj
 *fill*         0x20001774        0x4 
 .data.last_added.0
                0x20001778        0x8 CMakeFiles/citroen_can_interface.dir/C_/Users/Umut/pico-sdk/src/common/pico_time/time.c.obj
 .data.stdio_uart
                0x20001780       0x18 CMakeFiles/citroen_can_interface.dir/C_/Users/Umut/pico-sdk/src/rp2_common/pico_stdio_uart/stdio_uart.c.obj
                0x20001780                stdio_uart
 .data.stdio_usb
                0x20001798       0x18 CMakeFiles/citroen_can_interface.dir/C_/Users/Umut/pico-sdk/src/rp2_common/pico_stdio_usb/stdio_usb.c.obj
                0x20001798                stdio_usb
 .data._usbd_qdef
                0x200017b0       0x1c CMakeFiles/citroen_can_interface.dir/C_/Users/Umut/pico-sdk/lib/tinyusb/src/device/usbd.c.obj
                0x200017b0                _usbd_qdef
 .data._usbd_rhport
                0x200017cc        0x1 CMakeFiles/citroen_can_interface.dir/C_/Users/Umut/pico-sdk/lib/tinyusb/src/device/usbd.c.obj
 *(.sdata*)
                0x200017d0                . = ALIGN (0x4)
 *fill*         0x200017cd        0x3 
 *(.after_data.*)
                0x200017d0                . = ALIGN (0x4)
                0x200017d0                PROVIDE (__mutex_array_start = .)
 *(SORT_BY_NAME(.mutex_array.*))
 *(.mutex_array)
 .mutex_array   0x200017d0        0x8 CMakeFiles/citroen_can_interface.dir/C_/Users/Umut/pico-sdk/src/rp2_common/pico_stdio/stdio.c.obj
                0x200017d8                PROVIDE (__mutex_array_end = .)
 *(.jcr)
                0x200017d8                . = ALIGN (0x4)

.igot.plt       0x200017d8        0x0 load address 0x100080b4
 .igot.plt      0x200017d8        0x0 CMakeFiles/citroen_can_interface.dir/src/main.cpp.obj

.tdata          0x200017d8        0x0 load address 0x100080b4
                0x200017d8                . = ALIGN (0x4)
 *(.tdata .tdata.* .gnu.linkonce.td.*)
                0x200017d8                __tdata_end = .
                0x200017d8                PROVIDE (__data_end__ = .)
                0x100069ec                __etext = LOADADDR (.data)
                0x200017d8                . = ALIGN (0x4)

.tbss           0x200017d8        0x0 load address 0x100080b4
                0x200017d8                __bss_start__ = .
                0x200017d8                __tls_base = .
 *(.tbss .tbss.* .gnu.linkonce.tb.*)
 *(.tcommon)
                0x200017d8                . = ALIGN (0x4)
                0x200017d8                __tls_end = .

.tbss_space     0x200017d8        0x0 load address 0x100080b4
                0x200017d8                . = (__bss_start__ + SIZEOF (.tbss))

.bss            0x200017d8      0x954 load address 0x100080b4
                0x200017d8                . = ALIGN (0x4)
                0x200017d8                __tbss_end = .
 *(SORT_BY_ALIGNMENT(SORT_BY_NAME(.bss*)))
 .bss.default_alarm_pool_entries
                0x200017d8      0x180 CMakeFiles/citroen_can_interface.dir/C_/Users/Umut/pico-sdk/src/common/pico_time/time.c.obj
 .bss.last_avail_time.1
                0x20001958        0x8 CMakeFiles/citroen_can_interface.dir/C_/Users/Umut/pico-sdk/src/rp2_common/pico_stdio_usb/stdio_usb.c.obj
 .bss._app_driver